<?xml version="1.0"?>
<link_info>
   <banner>TI ARM Linker PC v5.2.0</banner>
   <copyright>Copyright (c) 1996-2014 Texas Instruments Incorporated</copyright>
   <link_time>0x550de24d</link_time>
   <link_errors>0x0</link_errors>
   <output_file>freq_analyzer_tiva.out</output_file>
   <entry_point>
      <name>_c_int00</name>
      <address>0x24031</address>
   </entry_point>
   <input_file_list>
      <input_file id="fl-2">
         <path>.\</path>
         <kind>object</kind>
         <file>Kentec320x240x16_ssd2119_8bit.obj</file>
         <name>Kentec320x240x16_ssd2119_8bit.obj</name>
      </input_file>
      <input_file id="fl-3">
         <path>.\</path>
         <kind>object</kind>
         <file>dsp.obj</file>
         <name>dsp.obj</name>
      </input_file>
      <input_file id="fl-4">
         <path>.\</path>
         <kind>object</kind>
         <file>freq_analyzer.obj</file>
         <name>freq_analyzer.obj</name>
      </input_file>
      <input_file id="fl-5">
         <path>.\</path>
         <kind>object</kind>
         <file>gui.obj</file>
         <name>gui.obj</name>
      </input_file>
      <input_file id="fl-6">
         <path>.\</path>
         <kind>object</kind>
         <file>images.obj</file>
         <name>images.obj</name>
      </input_file>
      <input_file id="fl-7">
         <path>.\</path>
         <kind>object</kind>
         <file>logoUnc.obj</file>
         <name>logoUnc.obj</name>
      </input_file>
      <input_file id="fl-8">
         <path>.\</path>
         <kind>object</kind>
         <file>startup_ccs.obj</file>
         <name>startup_ccs.obj</name>
      </input_file>
      <input_file id="fl-9">
         <path>.\</path>
         <kind>object</kind>
         <file>ti_hamming_window_vector.obj</file>
         <name>ti_hamming_window_vector.obj</name>
      </input_file>
      <input_file id="fl-a">
         <path>.\</path>
         <kind>object</kind>
         <file>touch.obj</file>
         <name>touch.obj</name>
      </input_file>
      <input_file id="fl-b">
         <path>.\utils\</path>
         <kind>object</kind>
         <file>uartstdio.obj</file>
         <name>uartstdio.obj</name>
      </input_file>
      <input_file id="fl-c">
         <path>.\utils\</path>
         <kind>object</kind>
         <file>ustdlib.obj</file>
         <name>ustdlib.obj</name>
      </input_file>
      <input_file id="fl-14">
         <path>C:\ti\TivaWare_C_Series-2.1.0.12573\driverlib\ccs\Debug\</path>
         <kind>archive</kind>
         <file>driverlib.lib</file>
         <name>adc.obj</name>
      </input_file>
      <input_file id="fl-15">
         <path>C:\ti\TivaWare_C_Series-2.1.0.12573\driverlib\ccs\Debug\</path>
         <kind>archive</kind>
         <file>driverlib.lib</file>
         <name>gpio.obj</name>
      </input_file>
      <input_file id="fl-16">
         <path>C:\ti\TivaWare_C_Series-2.1.0.12573\driverlib\ccs\Debug\</path>
         <kind>archive</kind>
         <file>driverlib.lib</file>
         <name>interrupt.obj</name>
      </input_file>
      <input_file id="fl-17">
         <path>C:\ti\TivaWare_C_Series-2.1.0.12573\driverlib\ccs\Debug\</path>
         <kind>archive</kind>
         <file>driverlib.lib</file>
         <name>sysctl.obj</name>
      </input_file>
      <input_file id="fl-18">
         <path>C:\ti\TivaWare_C_Series-2.1.0.12573\driverlib\ccs\Debug\</path>
         <kind>archive</kind>
         <file>driverlib.lib</file>
         <name>timer.obj</name>
      </input_file>
      <input_file id="fl-19">
         <path>C:\ti\TivaWare_C_Series-2.1.0.12573\driverlib\ccs\Debug\</path>
         <kind>archive</kind>
         <file>driverlib.lib</file>
         <name>udma.obj</name>
      </input_file>
      <input_file id="fl-1a">
         <path>C:\ti\TivaWare_C_Series-2.1.0.12573\driverlib\ccs\Debug\</path>
         <kind>archive</kind>
         <file>driverlib.lib</file>
         <name>cpu.obj</name>
      </input_file>
      <input_file id="fl-13c">
         <path>c:\ti\ccsv6\tools\compiler\ti-cgt-arm_5.2.0\lib\</path>
         <kind>archive</kind>
         <file>rtsv7M4_T_le_v4SPD16_eabi.lib</file>
         <name>boot.obj</name>
      </input_file>
      <input_file id="fl-13d">
         <path>c:\ti\ccsv6\tools\compiler\ti-cgt-arm_5.2.0\lib\</path>
         <kind>archive</kind>
         <file>rtsv7M4_T_le_v4SPD16_eabi.lib</file>
         <name>copy_decompress_none.obj</name>
      </input_file>
      <input_file id="fl-13e">
         <path>c:\ti\ccsv6\tools\compiler\ti-cgt-arm_5.2.0\lib\</path>
         <kind>archive</kind>
         <file>rtsv7M4_T_le_v4SPD16_eabi.lib</file>
         <name>copy_decompress_rle.obj</name>
      </input_file>
      <input_file id="fl-13f">
         <path>c:\ti\ccsv6\tools\compiler\ti-cgt-arm_5.2.0\lib\</path>
         <kind>archive</kind>
         <file>rtsv7M4_T_le_v4SPD16_eabi.lib</file>
         <name>copy_zero_init.obj</name>
      </input_file>
      <input_file id="fl-140">
         <path>c:\ti\ccsv6\tools\compiler\ti-cgt-arm_5.2.0\lib\</path>
         <kind>archive</kind>
         <file>rtsv7M4_T_le_v4SPD16_eabi.lib</file>
         <name>exit.obj</name>
      </input_file>
      <input_file id="fl-141">
         <path>c:\ti\ccsv6\tools\compiler\ti-cgt-arm_5.2.0\lib\</path>
         <kind>archive</kind>
         <file>rtsv7M4_T_le_v4SPD16_eabi.lib</file>
         <name>fd_mul_t2.obj</name>
      </input_file>
      <input_file id="fl-142">
         <path>c:\ti\ccsv6\tools\compiler\ti-cgt-arm_5.2.0\lib\</path>
         <kind>archive</kind>
         <file>rtsv7M4_T_le_v4SPD16_eabi.lib</file>
         <name>fd_toi_t2.obj</name>
      </input_file>
      <input_file id="fl-143">
         <path>c:\ti\ccsv6\tools\compiler\ti-cgt-arm_5.2.0\lib\</path>
         <kind>archive</kind>
         <file>rtsv7M4_T_le_v4SPD16_eabi.lib</file>
         <name>fd_tos_t2.obj</name>
      </input_file>
      <input_file id="fl-144">
         <path>c:\ti\ccsv6\tools\compiler\ti-cgt-arm_5.2.0\lib\</path>
         <kind>archive</kind>
         <file>rtsv7M4_T_le_v4SPD16_eabi.lib</file>
         <name>fs_tod_t2.obj</name>
      </input_file>
      <input_file id="fl-145">
         <path>c:\ti\ccsv6\tools\compiler\ti-cgt-arm_5.2.0\lib\</path>
         <kind>archive</kind>
         <file>rtsv7M4_T_le_v4SPD16_eabi.lib</file>
         <name>i_divt2.obj</name>
      </input_file>
      <input_file id="fl-146">
         <path>c:\ti\ccsv6\tools\compiler\ti-cgt-arm_5.2.0\lib\</path>
         <kind>archive</kind>
         <file>rtsv7M4_T_le_v4SPD16_eabi.lib</file>
         <name>_lock.obj</name>
      </input_file>
      <input_file id="fl-147">
         <path>c:\ti\ccsv6\tools\compiler\ti-cgt-arm_5.2.0\lib\</path>
         <kind>archive</kind>
         <file>rtsv7M4_T_le_v4SPD16_eabi.lib</file>
         <name>log10f.obj</name>
      </input_file>
      <input_file id="fl-148">
         <path>c:\ti\ccsv6\tools\compiler\ti-cgt-arm_5.2.0\lib\</path>
         <kind>archive</kind>
         <file>rtsv7M4_T_le_v4SPD16_eabi.lib</file>
         <name>memcpy_t2.obj</name>
      </input_file>
      <input_file id="fl-149">
         <path>c:\ti\ccsv6\tools\compiler\ti-cgt-arm_5.2.0\lib\</path>
         <kind>archive</kind>
         <file>rtsv7M4_T_le_v4SPD16_eabi.lib</file>
         <name>memset_t2.obj</name>
      </input_file>
      <input_file id="fl-14a">
         <path>c:\ti\ccsv6\tools\compiler\ti-cgt-arm_5.2.0\lib\</path>
         <kind>archive</kind>
         <file>rtsv7M4_T_le_v4SPD16_eabi.lib</file>
         <name>pow.obj</name>
      </input_file>
      <input_file id="fl-14b">
         <path>c:\ti\ccsv6\tools\compiler\ti-cgt-arm_5.2.0\lib\</path>
         <kind>archive</kind>
         <file>rtsv7M4_T_le_v4SPD16_eabi.lib</file>
         <name>pre_init.obj</name>
      </input_file>
      <input_file id="fl-14c">
         <path>c:\ti\ccsv6\tools\compiler\ti-cgt-arm_5.2.0\lib\</path>
         <kind>archive</kind>
         <file>rtsv7M4_T_le_v4SPD16_eabi.lib</file>
         <name>stkdepth_vars.obj</name>
      </input_file>
      <input_file id="fl-14d">
         <path>c:\ti\ccsv6\tools\compiler\ti-cgt-arm_5.2.0\lib\</path>
         <kind>archive</kind>
         <file>rtsv7M4_T_le_v4SPD16_eabi.lib</file>
         <name>u_divt2.obj</name>
      </input_file>
      <input_file id="fl-14e">
         <path>c:\ti\ccsv6\tools\compiler\ti-cgt-arm_5.2.0\lib\</path>
         <kind>archive</kind>
         <file>rtsv7M4_T_le_v4SPD16_eabi.lib</file>
         <name>xdint.obj</name>
      </input_file>
      <input_file id="fl-14f">
         <path>c:\ti\ccsv6\tools\compiler\ti-cgt-arm_5.2.0\lib\</path>
         <kind>archive</kind>
         <file>rtsv7M4_T_le_v4SPD16_eabi.lib</file>
         <name>xdunscal.obj</name>
      </input_file>
      <input_file id="fl-150">
         <path>c:\ti\ccsv6\tools\compiler\ti-cgt-arm_5.2.0\lib\</path>
         <kind>archive</kind>
         <file>rtsv7M4_T_le_v4SPD16_eabi.lib</file>
         <name>xexp.obj</name>
      </input_file>
      <input_file id="fl-151">
         <path>c:\ti\ccsv6\tools\compiler\ti-cgt-arm_5.2.0\lib\</path>
         <kind>archive</kind>
         <file>rtsv7M4_T_le_v4SPD16_eabi.lib</file>
         <name>xferaise.obj</name>
      </input_file>
      <input_file id="fl-152">
         <path>c:\ti\ccsv6\tools\compiler\ti-cgt-arm_5.2.0\lib\</path>
         <kind>archive</kind>
         <file>rtsv7M4_T_le_v4SPD16_eabi.lib</file>
         <name>xflog.obj</name>
      </input_file>
      <input_file id="fl-153">
         <path>c:\ti\ccsv6\tools\compiler\ti-cgt-arm_5.2.0\lib\</path>
         <kind>archive</kind>
         <file>rtsv7M4_T_le_v4SPD16_eabi.lib</file>
         <name>xfvalues.obj</name>
      </input_file>
      <input_file id="fl-154">
         <path>c:\ti\ccsv6\tools\compiler\ti-cgt-arm_5.2.0\lib\</path>
         <kind>archive</kind>
         <file>rtsv7M4_T_le_v4SPD16_eabi.lib</file>
         <name>xvalues.obj</name>
      </input_file>
      <input_file id="fl-155">
         <path>c:\ti\ccsv6\tools\compiler\ti-cgt-arm_5.2.0\lib\</path>
         <kind>archive</kind>
         <file>rtsv7M4_T_le_v4SPD16_eabi.lib</file>
         <name>args_main.obj</name>
      </input_file>
      <input_file id="fl-156">
         <path>c:\ti\ccsv6\tools\compiler\ti-cgt-arm_5.2.0\lib\</path>
         <kind>archive</kind>
         <file>rtsv7M4_T_le_v4SPD16_eabi.lib</file>
         <name>autoinit.obj</name>
      </input_file>
      <input_file id="fl-157">
         <path>c:\ti\ccsv6\tools\compiler\ti-cgt-arm_5.2.0\lib\</path>
         <kind>archive</kind>
         <file>rtsv7M4_T_le_v4SPD16_eabi.lib</file>
         <name>cpy_tbl.obj</name>
      </input_file>
      <input_file id="fl-158">
         <path>c:\ti\ccsv6\tools\compiler\ti-cgt-arm_5.2.0\lib\</path>
         <kind>archive</kind>
         <file>rtsv7M4_T_le_v4SPD16_eabi.lib</file>
         <name>errno.obj</name>
      </input_file>
      <input_file id="fl-159">
         <path>c:\ti\ccsv6\tools\compiler\ti-cgt-arm_5.2.0\lib\</path>
         <kind>archive</kind>
         <file>rtsv7M4_T_le_v4SPD16_eabi.lib</file>
         <name>fd_add_t2.obj</name>
      </input_file>
      <input_file id="fl-15a">
         <path>c:\ti\ccsv6\tools\compiler\ti-cgt-arm_5.2.0\lib\</path>
         <kind>archive</kind>
         <file>rtsv7M4_T_le_v4SPD16_eabi.lib</file>
         <name>fd_cmp_t2.obj</name>
      </input_file>
      <input_file id="fl-15b">
         <path>c:\ti\ccsv6\tools\compiler\ti-cgt-arm_5.2.0\lib\</path>
         <kind>archive</kind>
         <file>rtsv7M4_T_le_v4SPD16_eabi.lib</file>
         <name>fd_div_t2.obj</name>
      </input_file>
      <input_file id="fl-15c">
         <path>c:\ti\ccsv6\tools\compiler\ti-cgt-arm_5.2.0\lib\</path>
         <kind>archive</kind>
         <file>rtsv7M4_T_le_v4SPD16_eabi.lib</file>
         <name>feraiseexcept.obj</name>
      </input_file>
      <input_file id="fl-15d">
         <path>c:\ti\ccsv6\tools\compiler\ti-cgt-arm_5.2.0\lib\</path>
         <kind>archive</kind>
         <file>rtsv7M4_T_le_v4SPD16_eabi.lib</file>
         <name>i_tofd_t2.obj</name>
      </input_file>
      <input_file id="fl-15e">
         <path>c:\ti\ccsv6\tools\compiler\ti-cgt-arm_5.2.0\lib\</path>
         <kind>archive</kind>
         <file>rtsv7M4_T_le_v4SPD16_eabi.lib</file>
         <name>log.obj</name>
      </input_file>
      <input_file id="fl-15f">
         <path>c:\ti\ccsv6\tools\compiler\ti-cgt-arm_5.2.0\lib\</path>
         <kind>archive</kind>
         <file>rtsv7M4_T_le_v4SPD16_eabi.lib</file>
         <name>raise.obj</name>
      </input_file>
      <input_file id="fl-160">
         <path>c:\ti\ccsv6\tools\compiler\ti-cgt-arm_5.2.0\lib\</path>
         <kind>archive</kind>
         <file>rtsv7M4_T_le_v4SPD16_eabi.lib</file>
         <name>signal.obj</name>
      </input_file>
      <input_file id="fl-161">
         <path>c:\ti\ccsv6\tools\compiler\ti-cgt-arm_5.2.0\lib\</path>
         <kind>archive</kind>
         <file>rtsv7M4_T_le_v4SPD16_eabi.lib</file>
         <name>xdnorm.obj</name>
      </input_file>
      <input_file id="fl-162">
         <path>c:\ti\ccsv6\tools\compiler\ti-cgt-arm_5.2.0\lib\</path>
         <kind>archive</kind>
         <file>rtsv7M4_T_le_v4SPD16_eabi.lib</file>
         <name>xdscale.obj</name>
      </input_file>
      <input_file id="fl-163">
         <path>c:\ti\ccsv6\tools\compiler\ti-cgt-arm_5.2.0\lib\</path>
         <kind>archive</kind>
         <file>rtsv7M4_T_le_v4SPD16_eabi.lib</file>
         <name>xfdunsca.obj</name>
      </input_file>
      <input_file id="fl-164">
         <path>c:\ti\ccsv6\tools\compiler\ti-cgt-arm_5.2.0\lib\</path>
         <kind>archive</kind>
         <file>rtsv7M4_T_le_v4SPD16_eabi.lib</file>
         <name>xlog.obj</name>
      </input_file>
      <input_file id="fl-165">
         <path>c:\ti\ccsv6\tools\compiler\ti-cgt-arm_5.2.0\lib\</path>
         <kind>archive</kind>
         <file>rtsv7M4_T_le_v4SPD16_eabi.lib</file>
         <name>xfdnorm.obj</name>
      </input_file>
      <input_file id="fl-166">
         <path>C:\ti\TivaWare_C_Series-2.1.0.12573\grlib\ccs\Debug\</path>
         <kind>archive</kind>
         <file>grlib.lib</file>
         <name>canvas.obj</name>
      </input_file>
      <input_file id="fl-167">
         <path>C:\ti\TivaWare_C_Series-2.1.0.12573\grlib\ccs\Debug\</path>
         <kind>archive</kind>
         <file>grlib.lib</file>
         <name>checkbox.obj</name>
      </input_file>
      <input_file id="fl-168">
         <path>C:\ti\TivaWare_C_Series-2.1.0.12573\grlib\ccs\Debug\</path>
         <kind>archive</kind>
         <file>grlib.lib</file>
         <name>container.obj</name>
      </input_file>
      <input_file id="fl-169">
         <path>C:\ti\TivaWare_C_Series-2.1.0.12573\grlib\ccs\Debug\</path>
         <kind>archive</kind>
         <file>grlib.lib</file>
         <name>context.obj</name>
      </input_file>
      <input_file id="fl-16a">
         <path>C:\ti\TivaWare_C_Series-2.1.0.12573\grlib\ccs\Debug\</path>
         <kind>archive</kind>
         <file>grlib.lib</file>
         <name>image.obj</name>
      </input_file>
      <input_file id="fl-16b">
         <path>C:\ti\TivaWare_C_Series-2.1.0.12573\grlib\ccs\Debug\</path>
         <kind>archive</kind>
         <file>grlib.lib</file>
         <name>line.obj</name>
      </input_file>
      <input_file id="fl-16c">
         <path>C:\ti\TivaWare_C_Series-2.1.0.12573\grlib\ccs\Debug\</path>
         <kind>archive</kind>
         <file>grlib.lib</file>
         <name>pushbutton.obj</name>
      </input_file>
      <input_file id="fl-16d">
         <path>C:\ti\TivaWare_C_Series-2.1.0.12573\grlib\ccs\Debug\</path>
         <kind>archive</kind>
         <file>grlib.lib</file>
         <name>rectangle.obj</name>
      </input_file>
      <input_file id="fl-16e">
         <path>C:\ti\TivaWare_C_Series-2.1.0.12573\grlib\ccs\Debug\</path>
         <kind>archive</kind>
         <file>grlib.lib</file>
         <name>slider.obj</name>
      </input_file>
      <input_file id="fl-16f">
         <path>C:\ti\TivaWare_C_Series-2.1.0.12573\grlib\ccs\Debug\</path>
         <kind>archive</kind>
         <file>grlib.lib</file>
         <name>string.obj</name>
      </input_file>
      <input_file id="fl-170">
         <path>C:\ti\TivaWare_C_Series-2.1.0.12573\grlib\ccs\Debug\</path>
         <kind>archive</kind>
         <file>grlib.lib</file>
         <name>widget.obj</name>
      </input_file>
      <input_file id="fl-171">
         <path>C:\ti\TivaWare_C_Series-2.1.0.12573\grlib\ccs\Debug\</path>
         <kind>archive</kind>
         <file>grlib.lib</file>
         <name>fontcm16.obj</name>
      </input_file>
      <input_file id="fl-172">
         <path>C:\ti\TivaWare_C_Series-2.1.0.12573\grlib\ccs\Debug\</path>
         <kind>archive</kind>
         <file>grlib.lib</file>
         <name>fontcm18.obj</name>
      </input_file>
      <input_file id="fl-173">
         <path>C:\ti\TivaWare_C_Series-2.1.0.12573\grlib\ccs\Debug\</path>
         <kind>archive</kind>
         <file>grlib.lib</file>
         <name>fontcm20.obj</name>
      </input_file>
      <input_file id="fl-174">
         <path>C:\ti\TivaWare_C_Series-2.1.0.12573\grlib\ccs\Debug\</path>
         <kind>archive</kind>
         <file>grlib.lib</file>
         <name>charmap.obj</name>
      </input_file>
      <input_file id="fl-175">
         <path>C:\ti\TivaWare_C_Series-2.1.0.12573\grlib\ccs\Debug\</path>
         <kind>archive</kind>
         <file>grlib.lib</file>
         <name>circle.obj</name>
      </input_file>
      <input_file id="fl-176">
         <path>C:\Users\Mark\Documents\GitHub\launchpad-freq-analyzer-tiva\StellarisWare\boards\ek-lm4f120xl\freq_analyzer\ccs\..\..\..\..\dsplib\ccs-cm4f\Debug\</path>
         <kind>archive</kind>
         <file>dsplib-cm4f.lib</file>
         <name>arm_mult_f32.obj</name>
      </input_file>
      <input_file id="fl-177">
         <path>C:\Users\Mark\Documents\GitHub\launchpad-freq-analyzer-tiva\StellarisWare\boards\ek-lm4f120xl\freq_analyzer\ccs\..\..\..\..\dsplib\ccs-cm4f\Debug\</path>
         <kind>archive</kind>
         <file>dsplib-cm4f.lib</file>
         <name>arm_cmplx_mag_f32.obj</name>
      </input_file>
      <input_file id="fl-178">
         <path>C:\Users\Mark\Documents\GitHub\launchpad-freq-analyzer-tiva\StellarisWare\boards\ek-lm4f120xl\freq_analyzer\ccs\..\..\..\..\dsplib\ccs-cm4f\Debug\</path>
         <kind>archive</kind>
         <file>dsplib-cm4f.lib</file>
         <name>arm_mean_f32.obj</name>
      </input_file>
      <input_file id="fl-179">
         <path>C:\Users\Mark\Documents\GitHub\launchpad-freq-analyzer-tiva\StellarisWare\boards\ek-lm4f120xl\freq_analyzer\ccs\..\..\..\..\dsplib\ccs-cm4f\Debug\</path>
         <kind>archive</kind>
         <file>dsplib-cm4f.lib</file>
         <name>arm_max_f32.obj</name>
      </input_file>
      <input_file id="fl-17a">
         <path>C:\Users\Mark\Documents\GitHub\launchpad-freq-analyzer-tiva\StellarisWare\boards\ek-lm4f120xl\freq_analyzer\ccs\..\..\..\..\dsplib\ccs-cm4f\Debug\</path>
         <kind>archive</kind>
         <file>dsplib-cm4f.lib</file>
         <name>arm_rfft_init_f32.obj</name>
      </input_file>
      <input_file id="fl-17b">
         <path>C:\Users\Mark\Documents\GitHub\launchpad-freq-analyzer-tiva\StellarisWare\boards\ek-lm4f120xl\freq_analyzer\ccs\..\..\..\..\dsplib\ccs-cm4f\Debug\</path>
         <kind>archive</kind>
         <file>dsplib-cm4f.lib</file>
         <name>arm_rfft_f32.obj</name>
      </input_file>
      <input_file id="fl-17c">
         <path>C:\Users\Mark\Documents\GitHub\launchpad-freq-analyzer-tiva\StellarisWare\boards\ek-lm4f120xl\freq_analyzer\ccs\..\..\..\..\dsplib\ccs-cm4f\Debug\</path>
         <kind>archive</kind>
         <file>dsplib-cm4f.lib</file>
         <name>arm_cfft_radix4_init_f32.obj</name>
      </input_file>
      <input_file id="fl-17d">
         <path>C:\Users\Mark\Documents\GitHub\launchpad-freq-analyzer-tiva\StellarisWare\boards\ek-lm4f120xl\freq_analyzer\ccs\..\..\..\..\dsplib\ccs-cm4f\Debug\</path>
         <kind>archive</kind>
         <file>dsplib-cm4f.lib</file>
         <name>arm_cfft_radix4_f32.obj</name>
      </input_file>
      <input_file id="fl-17e">
         <path>C:\Users\Mark\Documents\GitHub\launchpad-freq-analyzer-tiva\StellarisWare\boards\ek-lm4f120xl\freq_analyzer\ccs\..\..\..\..\dsplib\ccs-cm4f\Debug\</path>
         <kind>archive</kind>
         <file>dsplib-cm4f.lib</file>
         <name>arm_common_tables.obj</name>
      </input_file>
      <input_file id="fl-17f">
         <path>c:\ti\ccsv6\tools\compiler\ti-cgt-arm_5.2.0\lib\</path>
         <kind>archive</kind>
         <file>rtsv7M4_T_le_v4SPD16_eabi.lib</file>
         <name>sqrtf.obj</name>
      </input_file>
   </input_file_list>
   <object_component_list>
      <object_component id="oc-f">
         <name>.intvecs</name>
         <load_address>0x0</load_address>
         <run_address>0x0</run_address>
         <size>0x26c</size>
         <input_file_ref idref="fl-8"/>
      </object_component>
      <object_component id="oc-4fb">
         <name>.text:arm_radix4_butterfly_inverse_f32</name>
         <load_address>0x1d3d8</load_address>
         <run_address>0x1d3d8</run_address>
         <size>0x4b0</size>
         <input_file_ref idref="fl-17d"/>
      </object_component>
      <object_component id="oc-4a6">
         <name>.text</name>
         <load_address>0x1d888</load_address>
         <run_address>0x1d888</run_address>
         <size>0x498</size>
         <input_file_ref idref="fl-14a"/>
      </object_component>
      <object_component id="oc-4e7">
         <name>.text:arm_radix4_butterfly_f32</name>
         <load_address>0x1dd20</load_address>
         <run_address>0x1dd20</run_address>
         <size>0x48e</size>
         <input_file_ref idref="fl-17d"/>
      </object_component>
      <object_component id="oc-36">
         <name>.text:FaultISR</name>
         <load_address>0x1e1ae</load_address>
         <run_address>0x1e1ae</run_address>
         <size>0x2</size>
         <input_file_ref idref="fl-8"/>
      </object_component>
      <object_component id="oc-3e9">
         <name>.text:InternalImageDraw</name>
         <load_address>0x1e1b0</load_address>
         <run_address>0x1e1b0</run_address>
         <size>0x374</size>
         <input_file_ref idref="fl-16a"/>
      </object_component>
      <object_component id="oc-551">
         <name>.text:PixelTransparentDraw</name>
         <load_address>0x1e524</load_address>
         <run_address>0x1e524</run_address>
         <size>0x2f8</size>
         <input_file_ref idref="fl-16a"/>
      </object_component>
      <object_component id="oc-6cc">
         <name>.text</name>
         <load_address>0x1e81c</load_address>
         <run_address>0x1e81c</run_address>
         <size>0x2ec</size>
         <input_file_ref idref="fl-164"/>
      </object_component>
      <object_component id="oc-23f">
         <name>.text:ProcessData</name>
         <load_address>0x1eb08</load_address>
         <run_address>0x1eb08</run_address>
         <size>0x2cc</size>
         <input_file_ref idref="fl-3"/>
      </object_component>
      <object_component id="oc-71c">
         <name>.text:SliderPaint</name>
         <load_address>0x1edd4</load_address>
         <run_address>0x1edd4</run_address>
         <size>0x2c6</size>
         <input_file_ref idref="fl-16e"/>
      </object_component>
      <object_component id="oc-3c">
         <name>.text:IntDefaultHandler</name>
         <load_address>0x1f09a</load_address>
         <run_address>0x1f09a</run_address>
         <size>0x2</size>
         <input_file_ref idref="fl-8"/>
      </object_component>
      <object_component id="oc-714">
         <name>.text:OnButtonPress</name>
         <load_address>0x1f09c</load_address>
         <run_address>0x1f09c</run_address>
         <size>0x290</size>
         <input_file_ref idref="fl-5"/>
      </object_component>
      <object_component id="oc-356">
         <name>.text:setFreqBreakpoints</name>
         <load_address>0x1f32c</load_address>
         <run_address>0x1f32c</run_address>
         <size>0x284</size>
         <input_file_ref idref="fl-3"/>
      </object_component>
      <object_component id="oc-53f">
         <name>.text:GrFontGlyphRender</name>
         <load_address>0x1f5b0</load_address>
         <run_address>0x1f5b0</run_address>
         <size>0x254</size>
         <input_file_ref idref="fl-16f"/>
      </object_component>
      <object_component id="oc-797">
         <name>.text:uvsnprintf</name>
         <load_address>0x1f804</load_address>
         <run_address>0x1f804</run_address>
         <size>0x24d</size>
         <input_file_ref idref="fl-c"/>
      </object_component>
      <object_component id="oc-44d">
         <name>.text:Kentec320x240x16_SSD2119Flush</name>
         <load_address>0x1fa52</load_address>
         <run_address>0x1fa52</run_address>
         <size>0x2</size>
         <input_file_ref idref="fl-2"/>
      </object_component>
      <object_component id="oc-298">
         <name>.text:Kentec320x240x16_SSD2119Init</name>
         <load_address>0x1fa54</load_address>
         <run_address>0x1fa54</run_address>
         <size>0x240</size>
         <input_file_ref idref="fl-2"/>
      </object_component>
      <object_component id="oc-372">
         <name>.text:OnEqPaint</name>
         <load_address>0x1fc94</load_address>
         <run_address>0x1fc94</run_address>
         <size>0x218</size>
         <input_file_ref idref="fl-5"/>
      </object_component>
      <object_component id="oc-64a">
         <name>.text:CheckBoxPaint</name>
         <load_address>0x1feac</load_address>
         <run_address>0x1feac</run_address>
         <size>0x20e</size>
         <input_file_ref idref="fl-167"/>
      </object_component>
      <object_component id="oc-30">
         <name>.text:NmiSR</name>
         <load_address>0x200ba</load_address>
         <run_address>0x200ba</run_address>
         <size>0x2</size>
         <input_file_ref idref="fl-8"/>
      </object_component>
      <object_component id="oc-487">
         <name>.text:OnConfigPress</name>
         <load_address>0x200bc</load_address>
         <run_address>0x200bc</run_address>
         <size>0x200</size>
         <input_file_ref idref="fl-5"/>
      </object_component>
      <object_component id="oc-611">
         <name>.text</name>
         <load_address>0x202bc</load_address>
         <run_address>0x202bc</run_address>
         <size>0x1fc</size>
         <input_file_ref idref="fl-150"/>
      </object_component>
      <object_component id="oc-1e3">
         <name>.text:UARTvprintf</name>
         <load_address>0x204b8</load_address>
         <run_address>0x204b8</run_address>
         <size>0x1ea</size>
         <input_file_ref idref="fl-b"/>
      </object_component>
      <object_component id="oc-5fc">
         <name>.text</name>
         <load_address>0x206a2</load_address>
         <run_address>0x206a2</run_address>
         <size>0x1b6</size>
         <input_file_ref idref="fl-159"/>
      </object_component>
      <object_component id="oc-59e">
         <name>.text:CanvasPaint</name>
         <load_address>0x20858</load_address>
         <run_address>0x20858</run_address>
         <size>0x190</size>
         <input_file_ref idref="fl-166"/>
      </object_component>
      <object_component id="oc-5c7">
         <name>.text:RectangularButtonPaint</name>
         <load_address>0x209e8</load_address>
         <run_address>0x209e8</run_address>
         <size>0x17e</size>
         <input_file_ref idref="fl-16c"/>
      </object_component>
      <object_component id="oc-42">
         <name>.text:ADC3IntHandler</name>
         <load_address>0x20b68</load_address>
         <run_address>0x20b68</run_address>
         <size>0x178</size>
         <input_file_ref idref="fl-4"/>
      </object_component>
      <object_component id="oc-42f">
         <name>.text:Kentec320x240x16_SSD2119PixelDrawMultiple</name>
         <load_address>0x20ce0</load_address>
         <run_address>0x20ce0</run_address>
         <size>0x178</size>
         <input_file_ref idref="fl-2"/>
      </object_component>
      <object_component id="oc-5dd">
         <name>.text</name>
         <load_address>0x20e58</load_address>
         <run_address>0x20e58</run_address>
         <size>0x178</size>
         <input_file_ref idref="fl-152"/>
      </object_component>
      <object_component id="oc-692">
         <name>.text:ContainerPaint</name>
         <load_address>0x20fd0</load_address>
         <run_address>0x20fd0</run_address>
         <size>0x154</size>
         <input_file_ref idref="fl-168"/>
      </object_component>
      <object_component id="oc-687">
         <name>.text:OnSliderChange</name>
         <load_address>0x21124</load_address>
         <run_address>0x21124</run_address>
         <size>0x154</size>
         <input_file_ref idref="fl-5"/>
      </object_component>
      <object_component id="oc-215">
         <name>.text:GUIinit</name>
         <load_address>0x21278</load_address>
         <run_address>0x21278</run_address>
         <size>0x148</size>
         <input_file_ref idref="fl-5"/>
      </object_component>
      <object_component id="oc-153">
         <name>.text:TouchScreenDebouncer</name>
         <load_address>0x213c0</load_address>
         <run_address>0x213c0</run_address>
         <size>0x144</size>
         <input_file_ref idref="fl-a"/>
      </object_component>
      <object_component id="oc-383">
         <name>.text:arm_cmplx_mag_f32</name>
         <load_address>0x21504</load_address>
         <run_address>0x21504</run_address>
         <size>0x13c</size>
         <input_file_ref idref="fl-177"/>
      </object_component>
      <object_component id="oc-60c">
         <name>.text</name>
         <load_address>0x21640</load_address>
         <run_address>0x21640</run_address>
         <size>0x136</size>
         <input_file_ref idref="fl-15b"/>
      </object_component>
      <object_component id="oc-574">
         <name>.text:GPIOPadConfigSet</name>
         <load_address>0x21776</load_address>
         <run_address>0x21776</run_address>
         <size>0x132</size>
         <input_file_ref idref="fl-15"/>
      </object_component>
      <object_component id="oc-de">
         <name>.text:SysCtlClockGet</name>
         <load_address>0x218a8</load_address>
         <run_address>0x218a8</run_address>
         <size>0x11c</size>
         <input_file_ref idref="fl-17"/>
      </object_component>
      <object_component id="oc-441">
         <name>.text:Kentec320x240x16_SSD2119RectFill</name>
         <load_address>0x219c4</load_address>
         <run_address>0x219c4</run_address>
         <size>0x114</size>
         <input_file_ref idref="fl-2"/>
      </object_component>
      <object_component id="oc-6d5">
         <name>.text</name>
         <load_address>0x21ad8</load_address>
         <run_address>0x21ad8</run_address>
         <size>0x110</size>
         <input_file_ref idref="fl-162"/>
      </object_component>
      <object_component id="oc-2ce">
         <name>.text:TouchScreenInit</name>
         <load_address>0x21be8</load_address>
         <run_address>0x21be8</run_address>
         <size>0x10c</size>
         <input_file_ref idref="fl-a"/>
      </object_component>
      <object_component id="oc-227">
         <name>.text:InitADC3Transfer</name>
         <load_address>0x21cf4</load_address>
         <run_address>0x21cf4</run_address>
         <size>0x108</size>
         <input_file_ref idref="fl-4"/>
      </object_component>
      <object_component id="oc-6f4">
         <name>.text:GrLineDraw</name>
         <load_address>0x21dfc</load_address>
         <run_address>0x21dfc</run_address>
         <size>0x106</size>
         <input_file_ref idref="fl-16b"/>
      </object_component>
      <object_component id="oc-66">
         <name>.text:TouchScreenIntHandler</name>
         <load_address>0x21f04</load_address>
         <run_address>0x21f04</run_address>
         <size>0x104</size>
         <input_file_ref idref="fl-a"/>
      </object_component>
      <object_component id="oc-4f1">
         <name>.text:arm_split_rfft_f32</name>
         <load_address>0x22008</load_address>
         <run_address>0x22008</run_address>
         <size>0x100</size>
         <input_file_ref idref="fl-17b"/>
      </object_component>
      <object_component id="oc-136">
         <name>.text</name>
         <load_address>0x22108</load_address>
         <run_address>0x22108</run_address>
         <size>0xfc</size>
         <input_file_ref idref="fl-141"/>
      </object_component>
      <object_component id="oc-5cd">
         <name>.text:RectangularButtonClick</name>
         <load_address>0x22204</load_address>
         <run_address>0x22204</run_address>
         <size>0xf2</size>
         <input_file_ref idref="fl-16c"/>
      </object_component>
      <object_component id="oc-476">
         <name>.text:WidgetMessageQueueAdd</name>
         <load_address>0x222f8</load_address>
         <run_address>0x222f8</run_address>
         <size>0xe8</size>
         <input_file_ref idref="fl-170"/>
      </object_component>
      <object_component id="oc-4ec">
         <name>.text:arm_bitreversal_f32</name>
         <load_address>0x223e0</load_address>
         <run_address>0x223e0</run_address>
         <size>0xd8</size>
         <input_file_ref idref="fl-17d"/>
      </object_component>
      <object_component id="oc-722">
         <name>.text:SliderClick</name>
         <load_address>0x224b8</load_address>
         <run_address>0x224b8</run_address>
         <size>0xd6</size>
         <input_file_ref idref="fl-16e"/>
      </object_component>
      <object_component id="oc-239">
         <name>.text:GUIUpdateDisplay</name>
         <load_address>0x22590</load_address>
         <run_address>0x22590</run_address>
         <size>0xcc</size>
         <input_file_ref idref="fl-5"/>
      </object_component>
      <object_component id="oc-182">
         <name>.text:main</name>
         <load_address>0x2265c</load_address>
         <run_address>0x2265c</run_address>
         <size>0xc8</size>
         <input_file_ref idref="fl-4"/>
      </object_component>
      <object_component id="oc-3d4">
         <name>.text:GrDefaultStringRenderer</name>
         <load_address>0x22724</load_address>
         <run_address>0x22724</run_address>
         <size>0xc0</size>
         <input_file_ref idref="fl-16f"/>
      </object_component>
      <object_component id="oc-5eb">
         <name>.text</name>
         <load_address>0x227e4</load_address>
         <run_address>0x227e4</run_address>
         <size>0xc0</size>
         <input_file_ref idref="fl-14e"/>
      </object_component>
      <object_component id="oc-6b3">
         <name>.text</name>
         <load_address>0x228a4</load_address>
         <run_address>0x228a4</run_address>
         <size>0xbe</size>
         <input_file_ref idref="fl-161"/>
      </object_component>
      <object_component id="oc-76a">
         <name>.text:GrLineClip</name>
         <load_address>0x22962</load_address>
         <run_address>0x22962</run_address>
         <size>0xb8</size>
         <input_file_ref idref="fl-16b"/>
      </object_component>
      <object_component id="oc-3a5">
         <name>.text:WidgetMessageSendPostOrder</name>
         <load_address>0x22a1c</load_address>
         <run_address>0x22a1c</run_address>
         <size>0xb4</size>
         <input_file_ref idref="fl-170"/>
      </object_component>
      <object_component id="oc-783">
         <name>.text:SliderValueToPosition</name>
         <load_address>0x22ad0</load_address>
         <run_address>0x22ad0</run_address>
         <size>0xb0</size>
         <input_file_ref idref="fl-16e"/>
      </object_component>
      <object_component id="oc-54">
         <name>.text:Timer2AIntHandler</name>
         <load_address>0x22b80</load_address>
         <run_address>0x22b80</run_address>
         <size>0xb0</size>
         <input_file_ref idref="fl-4"/>
      </object_component>
      <object_component id="oc-593">
         <name>.text:OnCheckChange</name>
         <load_address>0x22c30</load_address>
         <run_address>0x22c30</run_address>
         <size>0xac</size>
         <input_file_ref idref="fl-5"/>
      </object_component>
      <object_component id="oc-62d">
         <name>.text:DpyPixelDrawMultipleVertical</name>
         <load_address>0x22cdc</load_address>
         <run_address>0x22cdc</run_address>
         <size>0xa4</size>
         <input_file_ref idref="fl-2"/>
      </object_component>
      <object_component id="oc-22d">
         <name>.text:InitDSP</name>
         <load_address>0x22d80</load_address>
         <run_address>0x22d80</run_address>
         <size>0x9c</size>
         <input_file_ref idref="fl-3"/>
      </object_component>
      <object_component id="oc-3c9">
         <name>.text:InitGPIOLCDInterface</name>
         <load_address>0x22e1c</load_address>
         <run_address>0x22e1c</run_address>
         <size>0x9c</size>
         <input_file_ref idref="fl-2"/>
      </object_component>
      <object_component id="oc-6f">
         <name>.text</name>
         <load_address>0x22eb8</load_address>
         <run_address>0x22eb8</run_address>
         <size>0x9c</size>
         <input_file_ref idref="fl-148"/>
      </object_component>
      <object_component id="oc-379">
         <name>.text:arm_mult_f32</name>
         <load_address>0x22f54</load_address>
         <run_address>0x22f54</run_address>
         <size>0x8e</size>
         <input_file_ref idref="fl-176"/>
      </object_component>
      <object_component id="oc-4b9">
         <name>.text:arm_cfft_radix4_init_f32</name>
         <load_address>0x22fe4</load_address>
         <run_address>0x22fe4</run_address>
         <size>0x88</size>
         <input_file_ref idref="fl-17c"/>
      </object_component>
      <object_component id="oc-4dc">
         <name>.text:GrRectFill</name>
         <load_address>0x2306c</load_address>
         <run_address>0x2306c</run_address>
         <size>0x86</size>
         <input_file_ref idref="fl-16d"/>
      </object_component>
      <object_component id="oc-5f1">
         <name>.text:__aeabi_cdcmple</name>
         <load_address>0x230f2</load_address>
         <run_address>0x230f2</run_address>
         <size>0x86</size>
         <input_file_ref idref="fl-15a"/>
      </object_component>
      <object_component id="oc-c6">
         <name>.text:uDMAChannelTransferSet</name>
         <load_address>0x23178</load_address>
         <run_address>0x23178</run_address>
         <size>0x84</size>
         <input_file_ref idref="fl-19"/>
      </object_component>
      <object_component id="oc-77d">
         <name>.text:GrRectIntersectGet</name>
         <load_address>0x231fc</load_address>
         <run_address>0x231fc</run_address>
         <size>0x80</size>
         <input_file_ref idref="fl-16d"/>
      </object_component>
      <object_component id="oc-435">
         <name>.text:Kentec320x240x16_SSD2119LineDrawH</name>
         <load_address>0x2327c</load_address>
         <run_address>0x2327c</run_address>
         <size>0x80</size>
         <input_file_ref idref="fl-2"/>
      </object_component>
      <object_component id="oc-5a">
         <name>.text:Timer3AIntHandler</name>
         <load_address>0x232fc</load_address>
         <run_address>0x232fc</run_address>
         <size>0x80</size>
         <input_file_ref idref="fl-5"/>
      </object_component>
      <object_component id="oc-20f">
         <name>.text:InitBasics</name>
         <load_address>0x2337c</load_address>
         <run_address>0x2337c</run_address>
         <size>0x7c</size>
         <input_file_ref idref="fl-4"/>
      </object_component>
      <object_component id="oc-43b">
         <name>.text:Kentec320x240x16_SSD2119LineDrawV</name>
         <load_address>0x233f8</load_address>
         <run_address>0x233f8</run_address>
         <size>0x7c</size>
         <input_file_ref idref="fl-2"/>
      </object_component>
      <object_component id="oc-334">
         <name>.text:ADCSequenceStepConfigure</name>
         <load_address>0x23474</load_address>
         <run_address>0x23474</run_address>
         <size>0x7a</size>
         <input_file_ref idref="fl-14"/>
      </object_component>
      <object_component id="oc-88">
         <name>.text</name>
         <load_address>0x234ee</load_address>
         <run_address>0x234ee</run_address>
         <size>0x7a</size>
         <input_file_ref idref="fl-149"/>
      </object_component>
      <object_component id="oc-73d">
         <name>.text</name>
         <load_address>0x23568</load_address>
         <run_address>0x23568</run_address>
         <size>0x7a</size>
         <input_file_ref idref="fl-165"/>
      </object_component>
      <object_component id="oc-37e">
         <name>.text:arm_rfft_f32</name>
         <load_address>0x235e2</load_address>
         <run_address>0x235e2</run_address>
         <size>0x78</size>
         <input_file_ref idref="fl-17b"/>
      </object_component>
      <object_component id="oc-4f6">
         <name>.text:arm_split_rifft_f32</name>
         <load_address>0x2365a</load_address>
         <run_address>0x2365a</run_address>
         <size>0x74</size>
         <input_file_ref idref="fl-17b"/>
      </object_component>
      <object_component id="oc-35c">
         <name>.text:arm_rfft_init_f32</name>
         <load_address>0x236d0</load_address>
         <run_address>0x236d0</run_address>
         <size>0x70</size>
         <input_file_ref idref="fl-17a"/>
      </object_component>
      <object_component id="oc-9a">
         <name>.text</name>
         <load_address>0x23740</load_address>
         <run_address>0x23740</run_address>
         <size>0x6c</size>
         <input_file_ref idref="fl-156"/>
      </object_component>
      <object_component id="oc-7b">
         <name>.text</name>
         <load_address>0x237ac</load_address>
         <run_address>0x237ac</run_address>
         <size>0x6a</size>
         <input_file_ref idref="fl-13e"/>
      </object_component>
      <object_component id="oc-29e">
         <name>.text:GrContextInit</name>
         <load_address>0x23818</load_address>
         <run_address>0x23818</run_address>
         <size>0x68</size>
         <input_file_ref idref="fl-169"/>
      </object_component>
      <object_component id="oc-2bc">
         <name>.text:GrStringWidthGet</name>
         <load_address>0x23880</load_address>
         <run_address>0x23880</run_address>
         <size>0x68</size>
         <input_file_ref idref="fl-16f"/>
      </object_component>
      <object_component id="oc-233">
         <name>.text:IntEnable</name>
         <load_address>0x238e8</load_address>
         <run_address>0x238e8</run_address>
         <size>0x68</size>
         <input_file_ref idref="fl-16"/>
      </object_component>
      <object_component id="oc-661">
         <name>.text:GrContextClipRegionSet</name>
         <load_address>0x23950</load_address>
         <run_address>0x23950</run_address>
         <size>0x66</size>
         <input_file_ref idref="fl-169"/>
      </object_component>
      <object_component id="oc-667">
         <name>.text:GrRectDraw</name>
         <load_address>0x239b6</load_address>
         <run_address>0x239b6</run_address>
         <size>0x66</size>
         <input_file_ref idref="fl-16d"/>
      </object_component>
      <object_component id="oc-5e5">
         <name>.text</name>
         <load_address>0x23a1c</load_address>
         <run_address>0x23a1c</run_address>
         <size>0x66</size>
         <input_file_ref idref="fl-14f"/>
      </object_component>
      <object_component id="oc-245">
         <name>.text:WidgetMessageQueueProcess</name>
         <load_address>0x23a84</load_address>
         <run_address>0x23a84</run_address>
         <size>0x64</size>
         <input_file_ref idref="fl-170"/>
      </object_component>
      <object_component id="oc-38d">
         <name>.text:arm_mean_f32</name>
         <load_address>0x23ae8</load_address>
         <run_address>0x23ae8</run_address>
         <size>0x64</size>
         <input_file_ref idref="fl-178"/>
      </object_component>
      <object_component id="oc-4d6">
         <name>.text:DrawImgColumn2</name>
         <load_address>0x23b4c</load_address>
         <run_address>0x23b4c</run_address>
         <size>0x62</size>
         <input_file_ref idref="fl-5"/>
      </object_component>
      <object_component id="oc-308">
         <name>.text:TimerConfigure</name>
         <load_address>0x23bb0</load_address>
         <run_address>0x23bb0</run_address>
         <size>0x60</size>
         <input_file_ref idref="fl-18"/>
      </object_component>
      <object_component id="oc-28b">
         <name>.text:UARTStdioConfig</name>
         <load_address>0x23c10</load_address>
         <run_address>0x23c10</run_address>
         <size>0x60</size>
         <input_file_ref idref="fl-b"/>
      </object_component>
      <object_component id="oc-7c5">
         <name>.text</name>
         <load_address>0x23c70</load_address>
         <run_address>0x23c70</run_address>
         <size>0x60</size>
         <input_file_ref idref="fl-145"/>
      </object_component>
      <object_component id="oc-39f">
         <name>.text:WidgetMessageSendPreOrder</name>
         <load_address>0x23cd0</load_address>
         <run_address>0x23cd0</run_address>
         <size>0x5e</size>
         <input_file_ref idref="fl-170"/>
      </object_component>
      <object_component id="oc-565">
         <name>.text:FontWideGlyphDataGet</name>
         <load_address>0x23d2e</load_address>
         <run_address>0x23d2e</run_address>
         <size>0x5a</size>
         <input_file_ref idref="fl-16f"/>
      </object_component>
      <object_component id="oc-21b">
         <name>.text:InitSamplingTimer</name>
         <load_address>0x23d88</load_address>
         <run_address>0x23d88</run_address>
         <size>0x58</size>
         <input_file_ref idref="fl-4"/>
      </object_component>
      <object_component id="oc-429">
         <name>.text:Kentec320x240x16_SSD2119PixelDraw</name>
         <load_address>0x23de0</load_address>
         <run_address>0x23de0</run_address>
         <size>0x58</size>
         <input_file_ref idref="fl-2"/>
      </object_component>
      <object_component id="oc-78a">
         <name>.text:SliderPositionToValue</name>
         <load_address>0x23e38</load_address>
         <run_address>0x23e38</run_address>
         <size>0x58</size>
         <input_file_ref idref="fl-16e"/>
      </object_component>
      <object_component id="oc-30e">
         <name>.text:TimerControlTrigger</name>
         <load_address>0x23e90</load_address>
         <run_address>0x23e90</run_address>
         <size>0x58</size>
         <input_file_ref idref="fl-18"/>
      </object_component>
      <object_component id="oc-6a3">
         <name>.text</name>
         <load_address>0x23ee8</load_address>
         <run_address>0x23ee8</run_address>
         <size>0x56</size>
         <input_file_ref idref="fl-163"/>
      </object_component>
      <object_component id="oc-650">
         <name>.text:CheckBoxClick</name>
         <load_address>0x23f3e</load_address>
         <run_address>0x23f3e</run_address>
         <size>0x50</size>
         <input_file_ref idref="fl-167"/>
      </object_component>
      <object_component id="oc-328">
         <name>.text:SysCtlPeripheralReset</name>
         <load_address>0x23f90</load_address>
         <run_address>0x23f90</run_address>
         <size>0x50</size>
         <input_file_ref idref="fl-17"/>
      </object_component>
      <object_component id="oc-532">
         <name>.text:WriteCommandGPIO</name>
         <load_address>0x23fe0</load_address>
         <run_address>0x23fe0</run_address>
         <size>0x50</size>
         <input_file_ref idref="fl-2"/>
      </object_component>
      <object_component id="oc-24">
         <name>.text</name>
         <load_address>0x24030</load_address>
         <run_address>0x24030</run_address>
         <size>0x50</size>
         <input_file_ref idref="fl-13c"/>
      </object_component>
      <object_component id="oc-2aa">
         <name>.text:WidgetRemove</name>
         <load_address>0x24080</load_address>
         <run_address>0x24080</run_address>
         <size>0x4c</size>
         <input_file_ref idref="fl-170"/>
      </object_component>
      <object_component id="oc-17a">
         <name>.text</name>
         <load_address>0x240cc</load_address>
         <run_address>0x240cc</run_address>
         <size>0x4c</size>
         <input_file_ref idref="fl-157"/>
      </object_component>
      <object_component id="oc-3f2">
         <name>.text:UpdateContextCharMapping</name>
         <load_address>0x24118</load_address>
         <run_address>0x24118</run_address>
         <size>0x4a</size>
         <input_file_ref idref="fl-16f"/>
      </object_component>
      <object_component id="oc-13b">
         <name>.text</name>
         <load_address>0x24162</load_address>
         <run_address>0x24162</run_address>
         <size>0x4a</size>
         <input_file_ref idref="fl-143"/>
      </object_component>
      <object_component id="oc-d2">
         <name>.text:IntPendClear</name>
         <load_address>0x241ac</load_address>
         <run_address>0x241ac</run_address>
         <size>0x48</size>
         <input_file_ref idref="fl-16"/>
      </object_component>
      <object_component id="oc-274">
         <name>.text:UARTwrite</name>
         <load_address>0x241f4</load_address>
         <run_address>0x241f4</run_address>
         <size>0x48</size>
         <input_file_ref idref="fl-b"/>
      </object_component>
      <object_component id="oc-4ac">
         <name>.text</name>
         <load_address>0x2423c</load_address>
         <run_address>0x2423c</run_address>
         <size>0x48</size>
         <input_file_ref idref="fl-142"/>
      </object_component>
      <object_component id="oc-346">
         <name>.text:uDMAChannelAttributeDisable</name>
         <load_address>0x24284</load_address>
         <run_address>0x24284</run_address>
         <size>0x48</size>
         <input_file_ref idref="fl-19"/>
      </object_component>
      <object_component id="oc-704">
         <name>.text:GrLineDrawH</name>
         <load_address>0x242cc</load_address>
         <run_address>0x242cc</run_address>
         <size>0x46</size>
         <input_file_ref idref="fl-16b"/>
      </object_component>
      <object_component id="oc-70a">
         <name>.text:GrLineDrawV</name>
         <load_address>0x24312</load_address>
         <run_address>0x24312</run_address>
         <size>0x46</size>
         <input_file_ref idref="fl-16b"/>
      </object_component>
      <object_component id="oc-221">
         <name>.text:InitDebugTimer</name>
         <load_address>0x24358</load_address>
         <run_address>0x24358</run_address>
         <size>0x44</size>
         <input_file_ref idref="fl-4"/>
      </object_component>
      <object_component id="oc-292">
         <name>.text:InitDisplayTimer</name>
         <load_address>0x2439c</load_address>
         <run_address>0x2439c</run_address>
         <size>0x44</size>
         <input_file_ref idref="fl-5"/>
      </object_component>
      <object_component id="oc-a6">
         <name>.text</name>
         <load_address>0x243e0</load_address>
         <run_address>0x243e0</run_address>
         <size>0x44</size>
         <input_file_ref idref="fl-140"/>
      </object_component>
      <object_component id="oc-27a">
         <name>.text</name>
         <load_address>0x24424</load_address>
         <run_address>0x24424</run_address>
         <size>0x42</size>
         <input_file_ref idref="fl-14d"/>
      </object_component>
      <object_component id="oc-7a5">
         <name>.text</name>
         <load_address>0x24468</load_address>
         <run_address>0x24468</run_address>
         <size>0x40</size>
         <input_file_ref idref="fl-160"/>
      </object_component>
      <object_component id="oc-32e">
         <name>.text:ADCSequenceConfigure</name>
         <load_address>0x244a8</load_address>
         <run_address>0x244a8</run_address>
         <size>0x3e</size>
         <input_file_ref idref="fl-14"/>
      </object_component>
      <object_component id="oc-36c">
         <name>.text:UpdateGConfigs</name>
         <load_address>0x244e8</load_address>
         <run_address>0x244e8</run_address>
         <size>0x3c</size>
         <input_file_ref idref="fl-5"/>
      </object_component>
      <object_component id="oc-52c">
         <name>.text:WriteDataGPIO</name>
         <load_address>0x24524</load_address>
         <run_address>0x24524</run_address>
         <size>0x3c</size>
         <input_file_ref idref="fl-2"/>
      </object_component>
      <object_component id="oc-56b">
         <name>.text:FontGlyphDataGet</name>
         <load_address>0x24560</load_address>
         <run_address>0x24560</run_address>
         <size>0x3a</size>
         <input_file_ref idref="fl-16f"/>
      </object_component>
      <object_component id="oc-7cb">
         <name>.text:GrRectOverlapCheck</name>
         <load_address>0x2459a</load_address>
         <run_address>0x2459a</run_address>
         <size>0x38</size>
         <input_file_ref idref="fl-16d"/>
      </object_component>
      <object_component id="oc-131">
         <name>.text</name>
         <load_address>0x245d2</load_address>
         <run_address>0x245d2</run_address>
         <size>0x38</size>
         <input_file_ref idref="fl-144"/>
      </object_component>
      <object_component id="oc-7bc">
         <name>.text:GrClipCodeGet</name>
         <load_address>0x2460a</load_address>
         <run_address>0x2460a</run_address>
         <size>0x36</size>
         <input_file_ref idref="fl-16b"/>
      </object_component>
      <object_component id="oc-302">
         <name>.text:SysCtlPeripheralEnable</name>
         <load_address>0x24640</load_address>
         <run_address>0x24640</run_address>
         <size>0x34</size>
         <input_file_ref idref="fl-17"/>
      </object_component>
      <object_component id="oc-6c0">
         <name>.text</name>
         <load_address>0x24674</load_address>
         <run_address>0x24674</run_address>
         <size>0x34</size>
         <input_file_ref idref="fl-15c"/>
      </object_component>
      <object_component id="oc-388">
         <name>.text:arm_max_f32</name>
         <load_address>0x246a8</load_address>
         <run_address>0x246a8</run_address>
         <size>0x32</size>
         <input_file_ref idref="fl-179"/>
      </object_component>
      <object_component id="oc-5f6">
         <name>.text</name>
         <load_address>0x246dc</load_address>
         <run_address>0x246dc</run_address>
         <size>0x30</size>
         <input_file_ref idref="fl-151"/>
      </object_component>
      <object_component id="oc-58d">
         <name>.text:CheckBoxMsgProc</name>
         <load_address>0x2470c</load_address>
         <run_address>0x2470c</run_address>
         <size>0x2e</size>
         <input_file_ref idref="fl-167"/>
      </object_component>
      <object_component id="oc-3fb">
         <name>.text:GrStringNextCharGet</name>
         <load_address>0x2473a</load_address>
         <run_address>0x2473a</run_address>
         <size>0x2e</size>
         <input_file_ref idref="fl-16f"/>
      </object_component>
      <object_component id="oc-601">
         <name>.text</name>
         <load_address>0x24768</load_address>
         <run_address>0x24768</run_address>
         <size>0x2e</size>
         <input_file_ref idref="fl-15d"/>
      </object_component>
      <object_component id="oc-751">
         <name>.text</name>
         <load_address>0x24796</load_address>
         <run_address>0x24796</run_address>
         <size>0x2e</size>
         <input_file_ref idref="fl-15f"/>
      </object_component>
      <object_component id="oc-2c2">
         <name>.text:GrFontBaselineGet</name>
         <load_address>0x247c4</load_address>
         <run_address>0x247c4</run_address>
         <size>0x2c</size>
         <input_file_ref idref="fl-16f"/>
      </object_component>
      <object_component id="oc-66d">
         <name>.text:GrFontHeightGet</name>
         <load_address>0x247f0</load_address>
         <run_address>0x247f0</run_address>
         <size>0x2c</size>
         <input_file_ref idref="fl-16f"/>
      </object_component>
      <object_component id="oc-47d">
         <name>.text:RectangularButtonMsgProc</name>
         <load_address>0x2481c</load_address>
         <run_address>0x2481c</run_address>
         <size>0x2c</size>
         <input_file_ref idref="fl-16c"/>
      </object_component>
      <object_component id="oc-67e">
         <name>.text:SliderMsgProc</name>
         <load_address>0x24848</load_address>
         <run_address>0x24848</run_address>
         <size>0x2c</size>
         <input_file_ref idref="fl-16e"/>
      </object_component>
      <object_component id="oc-3e2">
         <name>.text:WidgetIsInTree</name>
         <load_address>0x24874</load_address>
         <run_address>0x24874</run_address>
         <size>0x2c</size>
         <input_file_ref idref="fl-170"/>
      </object_component>
      <object_component id="oc-57a">
         <name>.text:GPIODirModeSet</name>
         <load_address>0x248a0</load_address>
         <run_address>0x248a0</run_address>
         <size>0x2a</size>
         <input_file_ref idref="fl-15"/>
      </object_component>
      <object_component id="oc-7d4">
         <name>.text:ustrncpy</name>
         <load_address>0x248ca</load_address>
         <run_address>0x248ca</run_address>
         <size>0x2a</size>
         <input_file_ref idref="fl-c"/>
      </object_component>
      <object_component id="oc-4e">
         <name>.text:Timer1AIntHandler</name>
         <load_address>0x248f4</load_address>
         <run_address>0x248f4</run_address>
         <size>0x28</size>
         <input_file_ref idref="fl-a"/>
      </object_component>
      <object_component id="oc-407">
         <name>.text:GrFontInfoGet</name>
         <load_address>0x2491c</load_address>
         <run_address>0x2491c</run_address>
         <size>0x26</size>
         <input_file_ref idref="fl-16f"/>
      </object_component>
      <object_component id="oc-503">
         <name>.text</name>
         <load_address>0x24944</load_address>
         <run_address>0x24944</run_address>
         <size>0x24</size>
         <input_file_ref idref="fl-17f"/>
      </object_component>
      <object_component id="oc-34c">
         <name>.text:uDMAChannelControlSet</name>
         <load_address>0x24968</load_address>
         <run_address>0x24968</run_address>
         <size>0x24</size>
         <input_file_ref idref="fl-19"/>
      </object_component>
      <object_component id="oc-c0">
         <name>.text:uDMAChannelSizeGet</name>
         <load_address>0x2498c</load_address>
         <run_address>0x2498c</run_address>
         <size>0x24</size>
         <input_file_ref idref="fl-19"/>
      </object_component>
      <object_component id="oc-401">
         <name>.text:GrFontGlyphDataGet</name>
         <load_address>0x249b0</load_address>
         <run_address>0x249b0</run_address>
         <size>0x22</size>
         <input_file_ref idref="fl-16f"/>
      </object_component>
      <object_component id="oc-730">
         <name>.text:usprintf</name>
         <load_address>0x249d2</load_address>
         <run_address>0x249d2</run_address>
         <size>0x20</size>
         <input_file_ref idref="fl-c"/>
      </object_component>
      <object_component id="oc-55b">
         <name>.text:GrFontCodepageGet</name>
         <load_address>0x249f2</load_address>
         <run_address>0x249f2</run_address>
         <size>0x1e</size>
         <input_file_ref idref="fl-16f"/>
      </object_component>
      <object_component id="oc-2a4">
         <name>.text:WidgetAdd</name>
         <load_address>0x24a10</load_address>
         <run_address>0x24a10</run_address>
         <size>0x1e</size>
         <input_file_ref idref="fl-170"/>
      </object_component>
      <object_component id="oc-4b1">
         <name>.text:GUIUpdateSlider</name>
         <load_address>0x24a30</load_address>
         <run_address>0x24a30</run_address>
         <size>0x1c</size>
         <input_file_ref idref="fl-5"/>
      </object_component>
      <object_component id="oc-2ef">
         <name>.text:WidgetPointerMessage</name>
         <load_address>0x24a4c</load_address>
         <run_address>0x24a4c</run_address>
         <size>0x1c</size>
         <input_file_ref idref="fl-170"/>
      </object_component>
      <object_component id="oc-60">
         <name>.text:uDMAErrorHandler</name>
         <load_address>0x24a68</load_address>
         <run_address>0x24a68</run_address>
         <size>0x1c</size>
         <input_file_ref idref="fl-4"/>
      </object_component>
      <object_component id="oc-776">
         <name>.text:uiIncrementValue</name>
         <load_address>0x24a84</load_address>
         <run_address>0x24a84</run_address>
         <size>0x1c</size>
         <input_file_ref idref="fl-5"/>
      </object_component>
      <object_component id="oc-123">
         <name>.text:UARTprintf</name>
         <load_address>0x24aa0</load_address>
         <run_address>0x24aa0</run_address>
         <size>0x1a</size>
         <input_file_ref idref="fl-b"/>
      </object_component>
      <object_component id="oc-606">
         <name>.text</name>
         <load_address>0x24aba</load_address>
         <run_address>0x24aba</run_address>
         <size>0x1a</size>
         <input_file_ref idref="fl-15e"/>
      </object_component>
      <object_component id="oc-119">
         <name>.text:ADCProcessorTrigger</name>
         <load_address>0x24ad4</load_address>
         <run_address>0x24ad4</run_address>
         <size>0x18</size>
         <input_file_ref idref="fl-14"/>
      </object_component>
      <object_component id="oc-416">
         <name>.text:GPIOPinTypeGPIOOutput</name>
         <load_address>0x24aec</load_address>
         <run_address>0x24aec</run_address>
         <size>0x18</size>
         <input_file_ref idref="fl-15"/>
      </object_component>
      <object_component id="oc-d8">
         <name>.text:TimerDisable</name>
         <load_address>0x24b04</load_address>
         <run_address>0x24b04</run_address>
         <size>0x18</size>
         <input_file_ref idref="fl-18"/>
      </object_component>
      <object_component id="oc-a0">
         <name>.text</name>
         <load_address>0x24b1c</load_address>
         <run_address>0x24b1c</run_address>
         <size>0x18</size>
         <input_file_ref idref="fl-155"/>
      </object_component>
      <object_component id="oc-cc">
         <name>.text:uDMAChannelEnable</name>
         <load_address>0x24b34</load_address>
         <run_address>0x24b34</run_address>
         <size>0x18</size>
         <input_file_ref idref="fl-19"/>
      </object_component>
      <object_component id="oc-ba">
         <name>.text:uDMAChannelIsEnabled</name>
         <load_address>0x24b4c</load_address>
         <run_address>0x24b4c</run_address>
         <size>0x18</size>
         <input_file_ref idref="fl-19"/>
      </object_component>
      <object_component id="oc-2c8">
         <name>.text:GrStringDraw</name>
         <load_address>0x24b64</load_address>
         <run_address>0x24b64</run_address>
         <size>0x16</size>
         <input_file_ref idref="fl-16f"/>
      </object_component>
      <object_component id="oc-447">
         <name>.text:Kentec320x240x16_SSD2119ColorTranslate</name>
         <load_address>0x24b7a</load_address>
         <run_address>0x24b7a</run_address>
         <size>0x16</size>
         <input_file_ref idref="fl-2"/>
      </object_component>
      <object_component id="oc-460">
         <name>.text:CanvasMsgProc</name>
         <load_address>0x24b90</load_address>
         <run_address>0x24b90</run_address>
         <size>0x14</size>
         <input_file_ref idref="fl-166"/>
      </object_component>
      <object_component id="oc-5ac">
         <name>.text:ContainerMsgProc</name>
         <load_address>0x24ba4</load_address>
         <run_address>0x24ba4</run_address>
         <size>0x14</size>
         <input_file_ref idref="fl-168"/>
      </object_component>
      <object_component id="oc-5bf">
         <name>.text:WidgetMutexGet</name>
         <load_address>0x24bb8</load_address>
         <run_address>0x24bb8</run_address>
         <size>0x14</size>
         <input_file_ref idref="fl-170"/>
      </object_component>
      <object_component id="oc-253">
         <name>.text</name>
         <load_address>0x24bcc</load_address>
         <run_address>0x24bcc</run_address>
         <size>0x14</size>
         <input_file_ref idref="fl-146"/>
      </object_component>
      <object_component id="oc-e4">
         <name>.text:TimerLoadSet</name>
         <load_address>0x24be0</load_address>
         <run_address>0x24be0</run_address>
         <size>0x12</size>
         <input_file_ref idref="fl-18"/>
      </object_component>
      <object_component id="oc-340">
         <name>.text:ADCIntEnable</name>
         <load_address>0x24bf2</load_address>
         <run_address>0x24bf2</run_address>
         <size>0x10</size>
         <input_file_ref idref="fl-14"/>
      </object_component>
      <object_component id="oc-31c">
         <name>.text:uDMAEnable</name>
         <load_address>0x24c04</load_address>
         <run_address>0x24c04</run_address>
         <size>0x10</size>
         <input_file_ref idref="fl-19"/>
      </object_component>
      <object_component id="oc-410">
         <name>.text:ADCHardwareOversampleConfigure</name>
         <load_address>0x24c14</load_address>
         <run_address>0x24c14</run_address>
         <size>0xe</size>
         <input_file_ref idref="fl-14"/>
      </object_component>
      <object_component id="oc-f0">
         <name>.text:ADCIntDisable</name>
         <load_address>0x24c22</load_address>
         <run_address>0x24c22</run_address>
         <size>0xe</size>
         <input_file_ref idref="fl-14"/>
      </object_component>
      <object_component id="oc-33a">
         <name>.text:ADCSequenceEnable</name>
         <load_address>0x24c30</load_address>
         <run_address>0x24c30</run_address>
         <size>0xe</size>
         <input_file_ref idref="fl-14"/>
      </object_component>
      <object_component id="oc-2b0">
         <name>.text:GrImageDraw</name>
         <load_address>0x24c3e</load_address>
         <run_address>0x24c3e</run_address>
         <size>0xe</size>
         <input_file_ref idref="fl-16a"/>
      </object_component>
      <object_component id="oc-ea">
         <name>.text:TimerEnable</name>
         <load_address>0x24c4c</load_address>
         <run_address>0x24c4c</run_address>
         <size>0xe</size>
         <input_file_ref idref="fl-18"/>
      </object_component>
      <object_component id="oc-12">
         <name>.text:decompress:none</name>
         <load_address>0x24c5a</load_address>
         <run_address>0x24c5a</run_address>
         <size>0xe</size>
         <input_file_ref idref="fl-13d"/>
      </object_component>
      <object_component id="oc-48">
         <name>.text:Timer0AIntHandler</name>
         <load_address>0x24c68</load_address>
         <run_address>0x24c68</run_address>
         <size>0xc</size>
         <input_file_ref idref="fl-4"/>
      </object_component>
      <object_component id="oc-2d4">
         <name>.text:TouchScreenCallbackSet</name>
         <load_address>0x24c74</load_address>
         <run_address>0x24c74</run_address>
         <size>0xc</size>
         <input_file_ref idref="fl-a"/>
      </object_component>
      <object_component id="oc-1e">
         <name>.text:decompress:ZI</name>
         <load_address>0x24c80</load_address>
         <run_address>0x24c80</run_address>
         <size>0xc</size>
         <input_file_ref idref="fl-13f"/>
      </object_component>
      <object_component id="oc-322">
         <name>.text:uDMAControlBaseSet</name>
         <load_address>0x24c8c</load_address>
         <run_address>0x24c8c</run_address>
         <size>0xc</size>
         <input_file_ref idref="fl-19"/>
      </object_component>
      <object_component id="oc-14c">
         <name>.text:uDMAErrorStatusClear</name>
         <load_address>0x24c98</load_address>
         <run_address>0x24c98</run_address>
         <size>0xc</size>
         <input_file_ref idref="fl-19"/>
      </object_component>
      <object_component id="oc-146">
         <name>.text:uDMAErrorStatusGet</name>
         <load_address>0x24ca4</load_address>
         <run_address>0x24ca4</run_address>
         <size>0xc</size>
         <input_file_ref idref="fl-19"/>
      </object_component>
      <object_component id="oc-b4">
         <name>.text:ADCIntClear</name>
         <load_address>0x24cb0</load_address>
         <run_address>0x24cb0</run_address>
         <size>0xa</size>
         <input_file_ref idref="fl-14"/>
      </object_component>
      <object_component id="oc-546">
         <name>.text:GrMapISO8859_1_Unicode</name>
         <load_address>0x24cba</load_address>
         <run_address>0x24cba</run_address>
         <size>0x8</size>
         <input_file_ref idref="fl-174"/>
      </object_component>
      <object_component id="oc-314">
         <name>.text:TimerIntEnable</name>
         <load_address>0x24cc2</load_address>
         <run_address>0x24cc2</run_address>
         <size>0x8</size>
         <input_file_ref idref="fl-18"/>
      </object_component>
      <object_component id="oc-41c">
         <name>.text:GPIOPinWrite</name>
         <load_address>0x24cca</load_address>
         <run_address>0x24cca</run_address>
         <size>0x6</size>
         <input_file_ref idref="fl-15"/>
      </object_component>
      <object_component id="oc-2b6">
         <name>.text:GrContextFontSet</name>
         <load_address>0x24cd0</load_address>
         <run_address>0x24cd0</run_address>
         <size>0x6</size>
         <input_file_ref idref="fl-16f"/>
      </object_component>
      <object_component id="oc-2a">
         <name>.text:ResetISR</name>
         <load_address>0x24cd6</load_address>
         <run_address>0x24cd6</run_address>
         <size>0x6</size>
         <input_file_ref idref="fl-8"/>
      </object_component>
      <object_component id="oc-3cf">
         <name>.text:SysCtlDelay</name>
         <load_address>0x24cdc</load_address>
         <run_address>0x24cdc</run_address>
         <size>0x6</size>
         <input_file_ref idref="fl-17"/>
      </object_component>
      <object_component id="oc-5c0">
         <name>.text:WidgetMutexPut</name>
         <load_address>0x24ce2</load_address>
         <run_address>0x24ce2</run_address>
         <size>0x6</size>
         <input_file_ref idref="fl-170"/>
      </object_component>
      <object_component id="oc-18">
         <name>.text:decompress:rle24</name>
         <load_address>0x24ce8</load_address>
         <run_address>0x24ce8</run_address>
         <size>0x6</size>
         <input_file_ref idref="fl-13e"/>
      </object_component>
      <object_component id="oc-4a0">
         <name>.text</name>
         <load_address>0x24cee</load_address>
         <run_address>0x24cee</run_address>
         <size>0x6</size>
         <input_file_ref idref="fl-147"/>
      </object_component>
      <object_component id="oc-112">
         <name>.text:TimerIntClear</name>
         <load_address>0x24cf4</load_address>
         <run_address>0x24cf4</run_address>
         <size>0x4</size>
         <input_file_ref idref="fl-18"/>
      </object_component>
      <object_component id="oc-455">
         <name>.text:WidgetDefaultMsgProc</name>
         <load_address>0x24cf8</load_address>
         <run_address>0x24cf8</run_address>
         <size>0x4</size>
         <input_file_ref idref="fl-170"/>
      </object_component>
      <object_component id="oc-94">
         <name>.text</name>
         <load_address>0x24cfc</load_address>
         <run_address>0x24cfc</run_address>
         <size>0x4</size>
         <input_file_ref idref="fl-14b"/>
      </object_component>
      <object_component id="oc-2e9">
         <name>.const:.string:g_pucImage</name>
         <load_address>0x270</load_address>
         <run_address>0x270</run_address>
         <size>0x12f03</size>
         <input_file_ref idref="fl-7"/>
      </object_component>
      <object_component id="oc-4be">
         <name>.const:realCoefA</name>
         <load_address>0x13174</load_address>
         <run_address>0x13174</run_address>
         <size>0x2000</size>
         <input_file_ref idref="fl-17a"/>
      </object_component>
      <object_component id="oc-4c2">
         <name>.const:realCoefB</name>
         <load_address>0x15174</load_address>
         <run_address>0x15174</run_address>
         <size>0x2000</size>
         <input_file_ref idref="fl-17a"/>
      </object_component>
      <object_component id="oc-396">
         <name>.const:ti_hamming_window_vector</name>
         <load_address>0x17174</load_address>
         <run_address>0x17174</run_address>
         <size>0x2000</size>
         <input_file_ref idref="fl-9"/>
      </object_component>
      <object_component id="oc-61e">
         <name>.const:twiddleCoef</name>
         <load_address>0x19174</load_address>
         <run_address>0x19174</run_address>
         <size>0x2000</size>
         <input_file_ref idref="fl-17c"/>
      </object_component>
      <object_component id="oc-5d5">
         <name>.const:.string:g_pui8Cm20Data</name>
         <load_address>0x1b174</load_address>
         <run_address>0x1b174</run_address>
         <size>0x95e</size>
         <input_file_ref idref="fl-173"/>
      </object_component>
      <object_component id="oc-72a">
         <name>.const:.string:g_pui8Cm18Data</name>
         <load_address>0x1bad2</load_address>
         <run_address>0x1bad2</run_address>
         <size>0x86e</size>
         <input_file_ref idref="fl-172"/>
      </object_component>
      <object_component id="oc-470">
         <name>.const:.string:g_pui8Cm16Data</name>
         <load_address>0x1c340</load_address>
         <run_address>0x1c340</run_address>
         <size>0x759</size>
         <input_file_ref idref="fl-171"/>
      </object_component>
      <object_component id="oc-622">
         <name>.const:armBitRevTable</name>
         <load_address>0x1ca9c</load_address>
         <run_address>0x1ca9c</run_address>
         <size>0x200</size>
         <input_file_ref idref="fl-17e"/>
      </object_component>
      <object_component id="oc-658">
         <name>.const:.string:g_pucLightOff</name>
         <load_address>0x1cc9c</load_address>
         <run_address>0x1cc9c</run_address>
         <size>0xf5</size>
         <input_file_ref idref="fl-6"/>
      </object_component>
      <object_component id="oc-65b">
         <name>.const:.string:g_pucLightOn</name>
         <load_address>0x1cd91</load_address>
         <run_address>0x1cd91</run_address>
         <size>0xe6</size>
         <input_file_ref idref="fl-6"/>
      </object_component>
      <object_component id="oc-2ec">
         <name>.const:g_sFontCm16</name>
         <load_address>0x1ce78</load_address>
         <run_address>0x1ce78</run_address>
         <size>0xc8</size>
         <input_file_ref idref="fl-171"/>
      </object_component>
      <object_component id="oc-684">
         <name>.const:g_sFontCm18</name>
         <load_address>0x1cf40</load_address>
         <run_address>0x1cf40</run_address>
         <size>0xc8</size>
         <input_file_ref idref="fl-172"/>
      </object_component>
      <object_component id="oc-483">
         <name>.const:g_sFontCm20</name>
         <load_address>0x1d008</load_address>
         <run_address>0x1d008</run_address>
         <size>0xc8</size>
         <input_file_ref idref="fl-173"/>
      </object_component>
      <object_component id="oc-486">
         <name>.const:.string</name>
         <load_address>0x1d0d0</load_address>
         <run_address>0x1d0d0</run_address>
         <size>0xa4</size>
         <input_file_ref idref="fl-5"/>
      </object_component>
      <object_component id="oc-1a2">
         <name>.const</name>
         <load_address>0x1d174</load_address>
         <run_address>0x1d174</run_address>
         <size>0x70</size>
         <input_file_ref idref="fl-16"/>
      </object_component>
      <object_component id="oc-1a9">
         <name>.const:g_pui32Xtals</name>
         <load_address>0x1d1e4</load_address>
         <run_address>0x1d1e4</run_address>
         <size>0x6c</size>
         <input_file_ref idref="fl-17"/>
      </object_component>
      <object_component id="oc-6db">
         <name>.const</name>
         <load_address>0x1d250</load_address>
         <run_address>0x1d250</run_address>
         <size>0x48</size>
         <input_file_ref idref="fl-150"/>
      </object_component>
      <object_component id="oc-422">
         <name>.const:g_lTouchParameters</name>
         <load_address>0x1d298</load_address>
         <run_address>0x1d298</run_address>
         <size>0x38</size>
         <input_file_ref idref="fl-a"/>
      </object_component>
      <object_component id="oc-75d">
         <name>.const:p</name>
         <load_address>0x1d2d0</load_address>
         <run_address>0x1d2d0</run_address>
         <size>0x38</size>
         <input_file_ref idref="fl-164"/>
      </object_component>
      <object_component id="oc-6ac">
         <name>.const</name>
         <load_address>0x1d308</load_address>
         <run_address>0x1d308</run_address>
         <size>0x38</size>
         <input_file_ref idref="fl-152"/>
      </object_component>
      <object_component id="oc-6bb">
         <name>.const</name>
         <load_address>0x1d340</load_address>
         <run_address>0x1d340</run_address>
         <size>0x30</size>
         <input_file_ref idref="fl-14e"/>
      </object_component>
      <object_component id="oc-2dd">
         <name>.const:g_sKentec320x240x16_SSD2119</name>
         <load_address>0x1d370</load_address>
         <run_address>0x1d370</run_address>
         <size>0x28</size>
         <input_file_ref idref="fl-2"/>
      </object_component>
      <object_component id="oc-3c4">
         <name>.const</name>
         <load_address>0x1d398</load_address>
         <run_address>0x1d398</run_address>
         <size>0x1c</size>
         <input_file_ref idref="fl-b"/>
      </object_component>
      <object_component id="oc-528">
         <name>.const:.string</name>
         <load_address>0x1d3b4</load_address>
         <run_address>0x1d3b4</run_address>
         <size>0x12</size>
         <input_file_ref idref="fl-b"/>
      </object_component>
      <object_component id="oc-3da">
         <name>.const</name>
         <load_address>0x1d3c8</load_address>
         <run_address>0x1d3c8</run_address>
         <size>0x10</size>
         <input_file_ref idref="fl-169"/>
      </object_component>
      <object_component id="oc-81d">
         <name>.cinit..data.load</name>
         <load_address>0x24d00</load_address>
         <run_address>0x24d00</run_address>
         <size>0x5e2</size>
      </object_component>
      <object_component id="oc-81b">
         <name>__TI_handler_table</name>
         <load_address>0x252e4</load_address>
         <run_address>0x252e4</run_address>
         <size>0xc</size>
      </object_component>
      <object_component id="oc-81e">
         <name>.cinit..bss.load</name>
         <load_address>0x252f0</load_address>
         <run_address>0x252f0</run_address>
         <size>0x8</size>
      </object_component>
      <object_component id="oc-81c">
[...]
      </symbol>
      <symbol id="sm-873">
         <name>__aeabi_idivmod</name>
         <value>0x23c71</value>
         <object_component_ref idref="oc-7c5"/>
      </symbol>
      <symbol id="sm-874">
         <name>__aeabi_idiv</name>
         <value>0x23c71</value>
         <object_component_ref idref="oc-7c5"/>
      </symbol>
      <symbol id="sm-88d">
         <name>_nop</name>
         <value>0x24bdb</value>
         <object_component_ref idref="oc-253"/>
      </symbol>
      <symbol id="sm-88e">
         <name>_lock</name>
         <value>0x20007ac4</value>
         <object_component_ref idref="oc-18a"/>
      </symbol>
      <symbol id="sm-88f">
         <name>_unlock</name>
         <value>0x20007ac8</value>
         <object_component_ref idref="oc-18a"/>
      </symbol>
      <symbol id="sm-890">
         <name>_register_lock</name>
         <value>0x24bd3</value>
         <object_component_ref idref="oc-253"/>
      </symbol>
      <symbol id="sm-891">
         <name>_register_unlock</name>
         <value>0x24bcd</value>
         <object_component_ref idref="oc-253"/>
      </symbol>
      <symbol id="sm-89e">
         <name>log10f</name>
         <value>0x24cef</value>
         <object_component_ref idref="oc-4a0"/>
      </symbol>
      <symbol id="sm-8b9">
         <name>memcpy</name>
         <value>0x22eb9</value>
         <object_component_ref idref="oc-6f"/>
      </symbol>
      <symbol id="sm-8ba">
         <name>__aeabi_memcpy</name>
         <value>0x22eb9</value>
         <object_component_ref idref="oc-6f"/>
      </symbol>
      <symbol id="sm-8bb">
         <name>__aeabi_memcpy8</name>
         <value>0x22eb9</value>
         <object_component_ref idref="oc-6f"/>
      </symbol>
      <symbol id="sm-8bc">
         <name>__aeabi_memcpy4</name>
         <value>0x22eb9</value>
         <object_component_ref idref="oc-6f"/>
      </symbol>
      <symbol id="sm-8cb">
         <name>__aeabi_memset</name>
         <value>0x234f1</value>
         <object_component_ref idref="oc-88"/>
      </symbol>
      <symbol id="sm-8cc">
         <name>memset</name>
         <value>0x234f7</value>
         <object_component_ref idref="oc-88"/>
      </symbol>
      <symbol id="sm-8cd">
         <name>__aeabi_memset8</name>
         <value>0x234f1</value>
         <object_component_ref idref="oc-88"/>
      </symbol>
      <symbol id="sm-8ce">
         <name>__aeabi_memset4</name>
         <value>0x234f1</value>
         <object_component_ref idref="oc-88"/>
      </symbol>
      <symbol id="sm-8cf">
         <name>__aeabi_memclr8</name>
         <value>0x234ef</value>
         <object_component_ref idref="oc-88"/>
      </symbol>
      <symbol id="sm-8d0">
         <name>__aeabi_memclr4</name>
         <value>0x234ef</value>
         <object_component_ref idref="oc-88"/>
      </symbol>
      <symbol id="sm-8d1">
         <name>__aeabi_memclr</name>
         <value>0x234ef</value>
         <object_component_ref idref="oc-88"/>
      </symbol>
      <symbol id="sm-926">
         <name>pow</name>
         <value>0x1d889</value>
         <object_component_ref idref="oc-4a6"/>
      </symbol>
      <symbol id="sm-930">
         <name>_system_pre_init</name>
         <value>0x24cfd</value>
         <object_component_ref idref="oc-94"/>
      </symbol>
      <symbol id="sm-938">
         <name>main_func_sp</name>
         <value>0x20007af4</value>
         <object_component_ref idref="oc-ac"/>
      </symbol>
      <symbol id="sm-94b">
         <name>__aeabi_uidivmod</name>
         <value>0x24425</value>
         <object_component_ref idref="oc-27a"/>
      </symbol>
      <symbol id="sm-94c">
         <name>__aeabi_uidiv</name>
         <value>0x24425</value>
         <object_component_ref idref="oc-27a"/>
      </symbol>
      <symbol id="sm-96b">
         <name>_Dint</name>
         <value>0x227e5</value>
         <object_component_ref idref="oc-5eb"/>
      </symbol>
      <symbol id="sm-97f">
         <name>_Dunscale</name>
         <value>0x23a1d</value>
         <object_component_ref idref="oc-5e5"/>
      </symbol>
      <symbol id="sm-9b3">
         <name>_Exp</name>
         <value>0x202bd</value>
         <object_component_ref idref="oc-611"/>
      </symbol>
      <symbol id="sm-9c2">
         <name>_Feraise</name>
         <value>0x246dd</value>
         <object_component_ref idref="oc-5f6"/>
      </symbol>
      <symbol id="sm-a04">
         <name>_FLog</name>
         <value>0x20e59</value>
         <object_component_ref idref="oc-5dd"/>
      </symbol>
      <symbol id="sm-a13">
         <name>_FZero</name>
         <value>0x200078cc</value>
         <object_component_ref idref="oc-6a9"/>
      </symbol>
      <symbol id="sm-a14">
         <name>_FRteps</name>
         <value>0x200078b8</value>
         <object_component_ref idref="oc-6a9"/>
      </symbol>
      <symbol id="sm-a15">
         <name>_FSnan</name>
         <value>0x200078a8</value>
         <object_component_ref idref="oc-6a9"/>
      </symbol>
      <symbol id="sm-a16">
         <name>_FNan</name>
         <value>0x20007898</value>
         <object_component_ref idref="oc-6a9"/>
      </symbol>
      <symbol id="sm-a17">
         <name>_FInf</name>
         <value>0x20007888</value>
         <object_component_ref idref="oc-6a9"/>
      </symbol>
      <symbol id="sm-a18">
         <name>_FEps</name>
         <value>0x20007878</value>
         <object_component_ref idref="oc-6a9"/>
      </symbol>
      <symbol id="sm-a19">
         <name>_FXbig</name>
         <value>0x200078c8</value>
         <object_component_ref idref="oc-6a9"/>
      </symbol>
      <symbol id="sm-a1a">
         <name>_FDenorm</name>
         <value>0x20007868</value>
         <object_component_ref idref="oc-6a9"/>
      </symbol>
      <symbol id="sm-a2a">
         <name>_Rteps</name>
         <value>0x20007848</value>
         <object_component_ref idref="oc-617"/>
      </symbol>
      <symbol id="sm-a2b">
         <name>_Zero</name>
         <value>0x20007860</value>
         <object_component_ref idref="oc-617"/>
      </symbol>
      <symbol id="sm-a2c">
         <name>_Hugeval</name>
         <value>0x20007808</value>
         <object_component_ref idref="oc-617"/>
      </symbol>
      <symbol id="sm-a2d">
         <name>_Snan</name>
         <value>0x20007838</value>
         <object_component_ref idref="oc-617"/>
      </symbol>
      <symbol id="sm-a2e">
         <name>_Nan</name>
         <value>0x20007828</value>
         <object_component_ref idref="oc-617"/>
      </symbol>
      <symbol id="sm-a2f">
         <name>_Inf</name>
         <value>0x20007818</value>
         <object_component_ref idref="oc-617"/>
      </symbol>
      <symbol id="sm-a30">
         <name>_Xbig</name>
         <value>0x20007858</value>
         <object_component_ref idref="oc-617"/>
      </symbol>
      <symbol id="sm-a31">
         <name>_Eps</name>
         <value>0x200077f8</value>
         <object_component_ref idref="oc-617"/>
      </symbol>
      <symbol id="sm-a32">
         <name>_Denorm</name>
         <value>0x200077e8</value>
         <object_component_ref idref="oc-617"/>
      </symbol>
      <symbol id="sm-a47">
         <name>_args_main</name>
         <value>0x24b1d</value>
         <object_component_ref idref="oc-a0"/>
      </symbol>
      <symbol id="sm-a6d">
         <name>__TI_auto_init</name>
         <value>0x23741</value>
         <object_component_ref idref="oc-9a"/>
      </symbol>
      <symbol id="sm-a87">
         <name>copy_in</name>
         <value>0x240cd</value>
         <object_component_ref idref="oc-17a"/>
      </symbol>
      <symbol id="sm-a8f">
         <name>_Errno</name>
         <value>0x20007af0</value>
         <object_component_ref idref="oc-6c6"/>
      </symbol>
      <symbol id="sm-ab3">
         <name>__aeabi_dsub</name>
         <value>0x206a3</value>
         <object_component_ref idref="oc-5fc"/>
      </symbol>
      <symbol id="sm-ab4">
         <name>__aeabi_dadd</name>
         <value>0x206ad</value>
         <object_component_ref idref="oc-5fc"/>
      </symbol>
      <symbol id="sm-acb">
         <name>__aeabi_cdcmpeq</name>
         <value>0x230f3</value>
         <object_component_ref idref="oc-5f1"/>
      </symbol>
      <symbol id="sm-acc">
         <name>__aeabi_cdcmple</name>
         <value>0x230f3</value>
         <object_component_ref idref="oc-5f1"/>
      </symbol>
      <symbol id="sm-aec">
         <name>__aeabi_ddiv</name>
         <value>0x21641</value>
         <object_component_ref idref="oc-60c"/>
      </symbol>
      <symbol id="sm-b0a">
         <name>feraiseexcept</name>
         <value>0x24675</value>
         <object_component_ref idref="oc-6c0"/>
      </symbol>
      <symbol id="sm-b0b">
         <name>_Tls_setup__Fenv</name>
         <value>0x20007ad8</value>
         <object_component_ref idref="oc-757"/>
      </symbol>
      <symbol id="sm-b0c">
         <name>_Fenv</name>
         <value>0x20007ad4</value>
         <object_component_ref idref="oc-757"/>
      </symbol>
      <symbol id="sm-b18">
         <name>__aeabi_i2d</name>
         <value>0x24769</value>
         <object_component_ref idref="oc-601"/>
      </symbol>
      <symbol id="sm-b25">
         <name>log</name>
         <value>0x24abb</value>
         <object_component_ref idref="oc-606"/>
      </symbol>
      <symbol id="sm-b39">
         <name>raise</name>
         <value>0x24797</value>
         <object_component_ref idref="oc-751"/>
      </symbol>
      <symbol id="sm-b53">
         <name>signal</name>
         <value>0x24469</value>
         <object_component_ref idref="oc-7a5"/>
      </symbol>
      <symbol id="sm-b68">
         <name>_Dnorm</name>
         <value>0x228a5</value>
         <object_component_ref idref="oc-6b3"/>
      </symbol>
      <symbol id="sm-b84">
         <name>_Dscale</name>
         <value>0x21ad9</value>
         <object_component_ref idref="oc-6d5"/>
      </symbol>
      <symbol id="sm-b98">
         <name>_FDunscale</name>
         <value>0x23ee9</value>
         <object_component_ref idref="oc-6a3"/>
      </symbol>
      <symbol id="sm-bc8">
         <name>_Log</name>
         <value>0x1e81d</value>
         <object_component_ref idref="oc-6cc"/>
      </symbol>
      <symbol id="sm-bdc">
         <name>_FDnorm</name>
         <value>0x23569</value>
         <object_component_ref idref="oc-73d"/>
      </symbol>
      <symbol id="sm-bfd">
         <name>CanvasMsgProc</name>
         <value>0x24b91</value>
         <object_component_ref idref="oc-460"/>
      </symbol>
      <symbol id="sm-c2b">
         <name>CheckBoxMsgProc</name>
         <value>0x2470d</value>
         <object_component_ref idref="oc-58d"/>
      </symbol>
      <symbol id="sm-c46">
         <name>ContainerMsgProc</name>
         <value>0x24ba5</value>
         <object_component_ref idref="oc-5ac"/>
      </symbol>
      <symbol id="sm-c71">
         <name>GrContextInit</name>
         <value>0x23819</value>
         <object_component_ref idref="oc-29e"/>
      </symbol>
      <symbol id="sm-c72">
         <name>GrContextClipRegionSet</name>
         <value>0x23951</value>
         <object_component_ref idref="oc-661"/>
      </symbol>
      <symbol id="sm-c73">
         <name>g_psDefaultCodePointMapTable</name>
         <value>0x1d3c8</value>
         <object_component_ref idref="oc-3da"/>
      </symbol>
      <symbol id="sm-cca">
         <name>GrImageDraw</name>
         <value>0x24c3f</value>
         <object_component_ref idref="oc-2b0"/>
      </symbol>
      <symbol id="sm-d0e">
         <name>GrLineDrawH</name>
         <value>0x242cd</value>
         <object_component_ref idref="oc-704"/>
      </symbol>
      <symbol id="sm-d0f">
         <name>GrLineDrawV</name>
         <value>0x24313</value>
         <object_component_ref idref="oc-70a"/>
      </symbol>
      <symbol id="sm-d10">
         <name>GrLineDraw</name>
         <value>0x21dfd</value>
         <object_component_ref idref="oc-6f4"/>
      </symbol>
      <symbol id="sm-d43">
         <name>RectangularButtonMsgProc</name>
         <value>0x2481d</value>
         <object_component_ref idref="oc-47d"/>
      </symbol>
      <symbol id="sm-d6d">
         <name>GrRectIntersectGet</name>
         <value>0x231fd</value>
         <object_component_ref idref="oc-77d"/>
      </symbol>
      <symbol id="sm-d6e">
         <name>GrRectFill</name>
         <value>0x2306d</value>
         <object_component_ref idref="oc-4dc"/>
      </symbol>
      <symbol id="sm-d6f">
         <name>GrRectOverlapCheck</name>
         <value>0x2459b</value>
         <object_component_ref idref="oc-7cb"/>
      </symbol>
      <symbol id="sm-d70">
         <name>GrRectDraw</name>
         <value>0x239b7</value>
         <object_component_ref idref="oc-667"/>
      </symbol>
      <symbol id="sm-dbe">
         <name>SliderMsgProc</name>
         <value>0x24849</value>
         <object_component_ref idref="oc-67e"/>
      </symbol>
      <symbol id="sm-e6a">
         <name>GrFontInfoGet</name>
         <value>0x2491d</value>
         <object_component_ref idref="oc-407"/>
      </symbol>
      <symbol id="sm-e6b">
         <name>GrDefaultStringRenderer</name>
         <value>0x22725</value>
         <object_component_ref idref="oc-3d4"/>
      </symbol>
      <symbol id="sm-e6c">
         <name>GrFontGlyphRender</name>
         <value>0x1f5b1</value>
         <object_component_ref idref="oc-53f"/>
      </symbol>
      <symbol id="sm-e6d">
         <name>GrFontHeightGet</name>
         <value>0x247f1</value>
         <object_component_ref idref="oc-66d"/>
      </symbol>
      <symbol id="sm-e6e">
         <name>GrContextFontSet</name>
         <value>0x24cd1</value>
         <object_component_ref idref="oc-2b6"/>
      </symbol>
      <symbol id="sm-e6f">
         <name>GrFontGlyphDataGet</name>
         <value>0x249b1</value>
         <object_component_ref idref="oc-401"/>
      </symbol>
      <symbol id="sm-e70">
         <name>GrStringDraw</name>
         <value>0x24b65</value>
         <object_component_ref idref="oc-2c8"/>
      </symbol>
      <symbol id="sm-e71">
         <name>GrFontCodepageGet</name>
         <value>0x249f3</value>
         <object_component_ref idref="oc-55b"/>
      </symbol>
      <symbol id="sm-e72">
         <name>GrStringNextCharGet</name>
         <value>0x2473b</value>
         <object_component_ref idref="oc-3fb"/>
      </symbol>
      <symbol id="sm-e73">
         <name>GrStringWidthGet</name>
         <value>0x23881</value>
         <object_component_ref idref="oc-2bc"/>
      </symbol>
      <symbol id="sm-e74">
         <name>GrFontBaselineGet</name>
         <value>0x247c5</value>
         <object_component_ref idref="oc-2c2"/>
      </symbol>
      <symbol id="sm-f1c">
         <name>g_sRoot</name>
         <value>0x20007a80</value>
         <object_component_ref idref="oc-2e0"/>
      </symbol>
      <symbol id="sm-f1d">
         <name>WidgetMessageQueueAdd</name>
         <value>0x222f9</value>
         <object_component_ref idref="oc-476"/>
      </symbol>
      <symbol id="sm-f1e">
         <name>WidgetMessageSendPostOrder</name>
         <value>0x22a1d</value>
         <object_component_ref idref="oc-3a5"/>
      </symbol>
      <symbol id="sm-f1f">
         <name>WidgetAdd</name>
         <value>0x24a11</value>
         <object_component_ref idref="oc-2a4"/>
      </symbol>
      <symbol id="sm-f20">
         <name>WidgetRemove</name>
         <value>0x24081</value>
         <object_component_ref idref="oc-2aa"/>
      </symbol>
      <symbol id="sm-f21">
         <name>WidgetDefaultMsgProc</name>
         <value>0x24cf9</value>
         <object_component_ref idref="oc-455"/>
      </symbol>
      <symbol id="sm-f22">
         <name>WidgetMutexPut</name>
         <value>0x24ce3</value>
         <object_component_ref idref="oc-5c0"/>
      </symbol>
      <symbol id="sm-f23">
         <name>WidgetMessageQueueProcess</name>
         <value>0x23a85</value>
         <object_component_ref idref="oc-245"/>
      </symbol>
      <symbol id="sm-f24">
         <name>WidgetMutexGet</name>
         <value>0x24bb9</value>
         <object_component_ref idref="oc-5bf"/>
      </symbol>
      <symbol id="sm-f25">
         <name>WidgetPointerMessage</name>
         <value>0x24a4d</value>
         <object_component_ref idref="oc-2ef"/>
      </symbol>
      <symbol id="sm-f26">
         <name>WidgetMessageSendPreOrder</name>
         <value>0x23cd1</value>
         <object_component_ref idref="oc-39f"/>
      </symbol>
      <symbol id="sm-f38">
         <name>g_sFontCm16</name>
         <value>0x1ce78</value>
         <object_component_ref idref="oc-2ec"/>
      </symbol>
      <symbol id="sm-f4a">
         <name>g_sFontCm18</name>
         <value>0x1cf40</value>
         <object_component_ref idref="oc-684"/>
      </symbol>
      <symbol id="sm-f5c">
         <name>g_sFontCm20</name>
         <value>0x1d008</value>
         <object_component_ref idref="oc-483"/>
      </symbol>
      <symbol id="sm-f69">
         <name>GrMapISO8859_1_Unicode</name>
         <value>0x24cbb</value>
         <object_component_ref idref="oc-546"/>
      </symbol>
      <symbol id="sm-f89">
         <name>arm_mult_f32</name>
         <value>0x22f55</value>
         <object_component_ref idref="oc-379"/>
      </symbol>
      <symbol id="sm-fc6">
         <name>arm_cmplx_mag_f32</name>
         <value>0x21505</value>
         <object_component_ref idref="oc-383"/>
      </symbol>
      <symbol id="sm-fdb">
         <name>arm_mean_f32</name>
         <value>0x23ae9</value>
         <object_component_ref idref="oc-38d"/>
      </symbol>
      <symbol id="sm-fee">
         <name>arm_max_f32</name>
         <value>0x246a9</value>
         <object_component_ref idref="oc-388"/>
      </symbol>
      <symbol id="sm-100e">
         <name>arm_rfft_init_f32</name>
         <value>0x236d1</value>
         <object_component_ref idref="oc-35c"/>
      </symbol>
      <symbol id="sm-1032">
         <name>arm_split_rfft_f32</name>
         <value>0x22009</value>
         <object_component_ref idref="oc-4f1"/>
      </symbol>
      <symbol id="sm-1033">
         <name>arm_rfft_f32</name>
         <value>0x235e3</value>
         <object_component_ref idref="oc-37e"/>
      </symbol>
      <symbol id="sm-1034">
         <name>arm_split_rifft_f32</name>
         <value>0x2365b</value>
         <object_component_ref idref="oc-4f6"/>
      </symbol>
      <symbol id="sm-1051">
         <name>arm_cfft_radix4_init_f32</name>
         <value>0x22fe5</value>
         <object_component_ref idref="oc-4b9"/>
      </symbol>
      <symbol id="sm-109e">
         <name>arm_radix4_butterfly_f32</name>
         <value>0x1dd21</value>
         <object_component_ref idref="oc-4e7"/>
      </symbol>
      <symbol id="sm-109f">
         <name>arm_bitreversal_f32</name>
         <value>0x223e1</value>
         <object_component_ref idref="oc-4ec"/>
      </symbol>
      <symbol id="sm-10a0">
         <name>arm_radix4_butterfly_inverse_f32</name>
         <value>0x1d3d9</value>
         <object_component_ref idref="oc-4fb"/>
      </symbol>
      <symbol id="sm-10aa">
         <name>armBitRevTable</name>
         <value>0x1ca9c</value>
         <object_component_ref idref="oc-622"/>
      </symbol>
      <symbol id="sm-10ba">
         <name>sqrtf</name>
         <value>0x24945</value>
         <object_component_ref idref="oc-503"/>
      </symbol>
      <symbol id="sm-10bb">
         <name>__TI_static_base__</name>
         <value>0x0</value>
      </symbol>
      <symbol id="sm-10be">
         <name>SHT$$INIT_ARRAY$$Limit</name>
         <value>0x0</value>
      </symbol>
      <symbol id="sm-10bf">
         <name>SHT$$INIT_ARRAY$$Base</name>
         <value>0x0</value>
      </symbol>
   </symbol_table>
   <title>Link successful</title>
</link_info>
